Archive member included to satisfy reference by file (symbol)

/Applications/ARM/bin/../lib/gcc/arm-none-eabi/10.3.1/thumb/v7e-m+fp/hard/libgcc.a(_aeabi_uldivmod.o)
                              CMakeFiles/STM32.elf.dir/Drivers/STM32F4xx_HAL_Driver/Src/stm32f4xx_hal_rcc.c.obj (__aeabi_uldivmod)
/Applications/ARM/bin/../lib/gcc/arm-none-eabi/10.3.1/thumb/v7e-m+fp/hard/libgcc.a(_udivmoddi4.o)
                              /Applications/ARM/bin/../lib/gcc/arm-none-eabi/10.3.1/thumb/v7e-m+fp/hard/libgcc.a(_aeabi_uldivmod.o) (__udivmoddi4)
/Applications/ARM/bin/../lib/gcc/arm-none-eabi/10.3.1/thumb/v7e-m+fp/hard/libgcc.a(_dvmd_tls.o)
                              /Applications/ARM/bin/../lib/gcc/arm-none-eabi/10.3.1/thumb/v7e-m+fp/hard/libgcc.a(_aeabi_uldivmod.o) (__aeabi_ldiv0)
/Applications/ARM/bin/../lib/gcc/arm-none-eabi/10.3.1/../../../../arm-none-eabi/lib/thumb/v7e-m+fp/hard/libg.a(lib_a-errno.o)
                              CMakeFiles/STM32.elf.dir/Core/Src/syscalls.c.obj (__errno)
/Applications/ARM/bin/../lib/gcc/arm-none-eabi/10.3.1/../../../../arm-none-eabi/lib/thumb/v7e-m+fp/hard/libg.a(lib_a-exit.o)
                              /Applications/ARM/bin/../lib/gcc/arm-none-eabi/10.3.1/../../../../arm-none-eabi/lib/thumb/v7e-m+fp/hard/crt0.o (exit)
/Applications/ARM/bin/../lib/gcc/arm-none-eabi/10.3.1/../../../../arm-none-eabi/lib/thumb/v7e-m+fp/hard/libg.a(lib_a-impure.o)
                              /Applications/ARM/bin/../lib/gcc/arm-none-eabi/10.3.1/../../../../arm-none-eabi/lib/thumb/v7e-m+fp/hard/libg.a(lib_a-exit.o) (_global_impure_ptr)
/Applications/ARM/bin/../lib/gcc/arm-none-eabi/10.3.1/../../../../arm-none-eabi/lib/thumb/v7e-m+fp/hard/libg.a(lib_a-init.o)
                              /Applications/ARM/bin/../lib/gcc/arm-none-eabi/10.3.1/../../../../arm-none-eabi/lib/thumb/v7e-m+fp/hard/crt0.o (__libc_init_array)
/Applications/ARM/bin/../lib/gcc/arm-none-eabi/10.3.1/../../../../arm-none-eabi/lib/thumb/v7e-m+fp/hard/libg.a(lib_a-malloc.o)
                              CMakeFiles/STM32.elf.dir/Middlewares/ST/STM32_USB_Host_Library/Class/CDC/Src/usbh_cdc.c.obj (malloc)
/Applications/ARM/bin/../lib/gcc/arm-none-eabi/10.3.1/../../../../arm-none-eabi/lib/thumb/v7e-m+fp/hard/libg.a(lib_a-mallocr.o)
                              /Applications/ARM/bin/../lib/gcc/arm-none-eabi/10.3.1/../../../../arm-none-eabi/lib/thumb/v7e-m+fp/hard/libg.a(lib_a-malloc.o) (_malloc_r)
/Applications/ARM/bin/../lib/gcc/arm-none-eabi/10.3.1/../../../../arm-none-eabi/lib/thumb/v7e-m+fp/hard/libg.a(lib_a-memcpy.o)
                              CMakeFiles/STM32.elf.dir/Middlewares/Third_Party/FreeRTOS/Source/CMSIS_RTOS_V2/cmsis_os2.c.obj (memcpy)
/Applications/ARM/bin/../lib/gcc/arm-none-eabi/10.3.1/../../../../arm-none-eabi/lib/thumb/v7e-m+fp/hard/libg.a(lib_a-memset.o)
                              /Applications/ARM/bin/../lib/gcc/arm-none-eabi/10.3.1/../../../../arm-none-eabi/lib/thumb/v7e-m+fp/hard/crt0.o (memset)
/Applications/ARM/bin/../lib/gcc/arm-none-eabi/10.3.1/../../../../arm-none-eabi/lib/thumb/v7e-m+fp/hard/libg.a(lib_a-mlock.o)
                              /Applications/ARM/bin/../lib/gcc/arm-none-eabi/10.3.1/../../../../arm-none-eabi/lib/thumb/v7e-m+fp/hard/libg.a(lib_a-mallocr.o) (__malloc_lock)
/Applications/ARM/bin/../lib/gcc/arm-none-eabi/10.3.1/../../../../arm-none-eabi/lib/thumb/v7e-m+fp/hard/libg.a(lib_a-sbrkr.o)
                              /Applications/ARM/bin/../lib/gcc/arm-none-eabi/10.3.1/../../../../arm-none-eabi/lib/thumb/v7e-m+fp/hard/libg.a(lib_a-mallocr.o) (_sbrk_r)
/Applications/ARM/bin/../lib/gcc/arm-none-eabi/10.3.1/../../../../arm-none-eabi/lib/thumb/v7e-m+fp/hard/libg.a(lib_a-strlen.o)
                              CMakeFiles/STM32.elf.dir/Core/Src/display.c.obj (strlen)
/Applications/ARM/bin/../lib/gcc/arm-none-eabi/10.3.1/../../../../arm-none-eabi/lib/thumb/v7e-m+fp/hard/libg.a(lib_a-__call_atexit.o)
                              /Applications/ARM/bin/../lib/gcc/arm-none-eabi/10.3.1/../../../../arm-none-eabi/lib/thumb/v7e-m+fp/hard/libg.a(lib_a-exit.o) (__call_exitprocs)
/Applications/ARM/bin/../lib/gcc/arm-none-eabi/10.3.1/../../../../arm-none-eabi/lib/thumb/v7e-m+fp/hard/libg.a(lib_a-atexit.o)
                              /Applications/ARM/bin/../lib/gcc/arm-none-eabi/10.3.1/../../../../arm-none-eabi/lib/thumb/v7e-m+fp/hard/libg.a(lib_a-__call_atexit.o) (atexit)
/Applications/ARM/bin/../lib/gcc/arm-none-eabi/10.3.1/../../../../arm-none-eabi/lib/thumb/v7e-m+fp/hard/libg.a(lib_a-fini.o)
                              /Applications/ARM/bin/../lib/gcc/arm-none-eabi/10.3.1/../../../../arm-none-eabi/lib/thumb/v7e-m+fp/hard/libg.a(lib_a-__call_atexit.o) (__libc_fini_array)
/Applications/ARM/bin/../lib/gcc/arm-none-eabi/10.3.1/../../../../arm-none-eabi/lib/thumb/v7e-m+fp/hard/libg.a(lib_a-freer.o)
                              /Applications/ARM/bin/../lib/gcc/arm-none-eabi/10.3.1/../../../../arm-none-eabi/lib/thumb/v7e-m+fp/hard/libg.a(lib_a-malloc.o) (_free_r)
[...]
Memory Configuration

Name             Origin             Length             Attributes
CCMRAM           0x0000000010000000 0x0000000000010000 xrw
RAM              0x0000000020000000 0x0000000000020000 xrw
FLASH            0x0000000008000000 0x0000000000100000 xr
*default*        0x0000000000000000 0xffffffffffffffff

Linker script and memory map

LOAD /Applications/ARM/bin/../lib/gcc/arm-none-eabi/10.3.1/thumb/v7e-m+fp/hard/crti.o
LOAD /Applications/ARM/bin/../lib/gcc/arm-none-eabi/10.3.1/thumb/v7e-m+fp/hard/crtbegin.o
LOAD /Applications/ARM/bin/../lib/gcc/arm-none-eabi/10.3.1/../../../../arm-none-eabi/lib/thumb/v7e-m+fp/hard/crt0.o
LOAD CMakeFiles/STM32.elf.dir/Core/Src/display.c.obj
LOAD CMakeFiles/STM32.elf.dir/Core/Src/freertos.c.obj
LOAD CMakeFiles/STM32.elf.dir/Core/Src/main.c.obj
LOAD CMakeFiles/STM32.elf.dir/Core/Src/stm32f4xx_hal_msp.c.obj
LOAD CMakeFiles/STM32.elf.dir/Core/Src/stm32f4xx_it.c.obj
LOAD CMakeFiles/STM32.elf.dir/Core/Src/syscalls.c.obj
LOAD CMakeFiles/STM32.elf.dir/Core/Src/sysmem.c.obj
LOAD CMakeFiles/STM32.elf.dir/Core/Src/system_stm32f4xx.c.obj
LOAD CMakeFiles/STM32.elf.dir/Core/Src/tasks.c.obj
LOAD CMakeFiles/STM32.elf.dir/Core/Startup/startup_stm32f407vgtx.s.obj
LOAD CMakeFiles/STM32.elf.dir/Drivers/STM32F4xx_HAL_Driver/Src/stm32f4xx_hal.c.obj
LOAD CMakeFiles/STM32.elf.dir/Drivers/STM32F4xx_HAL_Driver/Src/stm32f4xx_hal_cortex.c.obj
LOAD CMakeFiles/STM32.elf.dir/Drivers/STM32F4xx_HAL_Driver/Src/stm32f4xx_hal_dma.c.obj
LOAD CMakeFiles/STM32.elf.dir/Drivers/STM32F4xx_HAL_Driver/Src/stm32f4xx_hal_dma_ex.c.obj
LOAD CMakeFiles/STM32.elf.dir/Drivers/STM32F4xx_HAL_Driver/Src/stm32f4xx_hal_exti.c.obj
LOAD CMakeFiles/STM32.elf.dir/Drivers/STM32F4xx_HAL_Driver/Src/stm32f4xx_hal_flash.c.obj
LOAD CMakeFiles/STM32.elf.dir/Drivers/STM32F4xx_HAL_Driver/Src/stm32f4xx_hal_flash_ex.c.obj
LOAD CMakeFiles/STM32.elf.dir/Drivers/STM32F4xx_HAL_Driver/Src/stm32f4xx_hal_flash_ramfunc.c.obj
LOAD CMakeFiles/STM32.elf.dir/Drivers/STM32F4xx_HAL_Driver/Src/stm32f4xx_hal_gpio.c.obj
LOAD CMakeFiles/STM32.elf.dir/Drivers/STM32F4xx_HAL_Driver/Src/stm32f4xx_hal_hcd.c.obj
LOAD CMakeFiles/STM32.elf.dir/Drivers/STM32F4xx_HAL_Driver/Src/stm32f4xx_hal_i2c.c.obj
LOAD CMakeFiles/STM32.elf.dir/Drivers/STM32F4xx_HAL_Driver/Src/stm32f4xx_hal_i2c_ex.c.obj
LOAD CMakeFiles/STM32.elf.dir/Drivers/STM32F4xx_HAL_Driver/Src/stm32f4xx_hal_i2s.c.obj
LOAD CMakeFiles/STM32.elf.dir/Drivers/STM32F4xx_HAL_Driver/Src/stm32f4xx_hal_i2s_ex.c.obj
LOAD CMakeFiles/STM32.elf.dir/Drivers/STM32F4xx_HAL_Driver/Src/stm32f4xx_hal_pwr.c.obj
LOAD CMakeFiles/STM32.elf.dir/Drivers/STM32F4xx_HAL_Driver/Src/stm32f4xx_hal_pwr_ex.c.obj
LOAD CMakeFiles/STM32.elf.dir/Drivers/STM32F4xx_HAL_Driver/Src/stm32f4xx_hal_rcc.c.obj
LOAD CMakeFiles/STM32.elf.dir/Drivers/STM32F4xx_HAL_Driver/Src/stm32f4xx_hal_rcc_ex.c.obj
LOAD CMakeFiles/STM32.elf.dir/Drivers/STM32F4xx_HAL_Driver/Src/stm32f4xx_hal_spi.c.obj
LOAD CMakeFiles/STM32.elf.dir/Drivers/STM32F4xx_HAL_Driver/Src/stm32f4xx_hal_tim.c.obj
LOAD CMakeFiles/STM32.elf.dir/Drivers/STM32F4xx_HAL_Driver/Src/stm32f4xx_hal_tim_ex.c.obj
LOAD CMakeFiles/STM32.elf.dir/Drivers/STM32F4xx_HAL_Driver/Src/stm32f4xx_ll_usb.c.obj
LOAD CMakeFiles/STM32.elf.dir/Middlewares/ST/STM32_USB_Host_Library/Class/CDC/Src/usbh_cdc.c.obj
LOAD CMakeFiles/STM32.elf.dir/Middlewares/ST/STM32_USB_Host_Library/Core/Src/usbh_core.c.obj
LOAD CMakeFiles/STM32.elf.dir/Middlewares/ST/STM32_USB_Host_Library/Core/Src/usbh_ctlreq.c.obj
LOAD CMakeFiles/STM32.elf.dir/Middlewares/ST/STM32_USB_Host_Library/Core/Src/usbh_ioreq.c.obj
LOAD CMakeFiles/STM32.elf.dir/Middlewares/ST/STM32_USB_Host_Library/Core/Src/usbh_pipes.c.obj
LOAD CMakeFiles/STM32.elf.dir/Middlewares/Third_Party/FreeRTOS/Source/CMSIS_RTOS_V2/cmsis_os2.c.obj
LOAD CMakeFiles/STM32.elf.dir/Middlewares/Third_Party/FreeRTOS/Source/croutine.c.obj
LOAD CMakeFiles/STM32.elf.dir/Middlewares/Third_Party/FreeRTOS/Source/event_groups.c.obj
LOAD CMakeFiles/STM32.elf.dir/Middlewares/Third_Party/FreeRTOS/Source/list.c.obj
LOAD CMakeFiles/STM32.elf.dir/Middlewares/Third_Party/FreeRTOS/Source/portable/GCC/ARM_CM4F/port.c.obj
LOAD CMakeFiles/STM32.elf.dir/Middlewares/Third_Party/FreeRTOS/Source/portable/MemMang/heap_4.c.obj
LOAD CMakeFiles/STM32.elf.dir/Middlewares/Third_Party/FreeRTOS/Source/queue.c.obj
LOAD CMakeFiles/STM32.elf.dir/Middlewares/Third_Party/FreeRTOS/Source/stream_buffer.c.obj
LOAD CMakeFiles/STM32.elf.dir/Middlewares/Third_Party/FreeRTOS/Source/tasks.c.obj
LOAD CMakeFiles/STM32.elf.dir/Middlewares/Third_Party/FreeRTOS/Source/timers.c.obj
LOAD CMakeFiles/STM32.elf.dir/USB_HOST/App/usb_host.c.obj
LOAD CMakeFiles/STM32.elf.dir/USB_HOST/Target/usbh_conf.c.obj
LOAD CMakeFiles/STM32.elf.dir/USB_HOST/Target/usbh_platform.c.obj
START GROUP
LOAD /Applications/ARM/bin/../lib/gcc/arm-none-eabi/10.3.1/thumb/v7e-m+fp/hard/libgcc.a
LOAD /Applications/ARM/bin/../lib/gcc/arm-none-eabi/10.3.1/../../../../arm-none-eabi/lib/thumb/v7e-m+fp/hard/libg.a
LOAD /Applications/ARM/bin/../lib/gcc/arm-none-eabi/10.3.1/../../../../arm-none-eabi/lib/thumb/v7e-m+fp/hard/libc.a
END GROUP
LOAD /Applications/ARM/bin/../lib/gcc/arm-none-eabi/10.3.1/thumb/v7e-m+fp/hard/crtend.o
LOAD /Applications/ARM/bin/../lib/gcc/arm-none-eabi/10.3.1/thumb/v7e-m+fp/hard/crtn.o
                0x0000000020020000                _estack = (ORIGIN (RAM) + LENGTH (RAM))
                0x0000000000000200                _Min_Heap_Size = 0x200
                0x0000000000000400                _Min_Stack_Size = 0x400

.isr_vector     0x0000000008000000      0x188
                0x0000000008000000                . = ALIGN (0x4)
 *(.isr_vector)
 .isr_vector    0x0000000008000000      0x188 CMakeFiles/STM32.elf.dir/Core/Startup/startup_stm32f407vgtx.s.obj
                0x0000000008000000                g_pfnVectors
                0x0000000008000188                . = ALIGN (0x4)

.text           0x00000000080001c0     0x8428
                0x00000000080001c0                . = ALIGN (0x4)
 *(.text)
 .text          0x00000000080001c0       0x40 /Applications/ARM/bin/../lib/gcc/arm-none-eabi/10.3.1/thumb/v7e-m+fp/hard/crtbegin.o
 .text          0x0000000008000200       0x30 /Applications/ARM/bin/../lib/gcc/arm-none-eabi/10.3.1/thumb/v7e-m+fp/hard/libgcc.a(_aeabi_uldivmod.o)
                0x0000000008000200                __aeabi_uldivmod
 .text          0x0000000008000230      0x2d0 /Applications/ARM/bin/../lib/gcc/arm-none-eabi/10.3.1/thumb/v7e-m+fp/hard/libgcc.a(_udivmoddi4.o)
                0x0000000008000230                __udivmoddi4
 .text          0x0000000008000500        0x4 /Applications/ARM/bin/../lib/gcc/arm-none-eabi/10.3.1/thumb/v7e-m+fp/hard/libgcc.a(_dvmd_tls.o)
                0x0000000008000500                __aeabi_ldiv0
                0x0000000008000500                __aeabi_idiv0
 .text          0x0000000008000504      0x134 /Applications/ARM/bin/../lib/gcc/arm-none-eabi/10.3.1/../../../../arm-none-eabi/lib/thumb/v7e-m+fp/hard/libg.a(lib_a-memcpy.o)
                0x0000000008000504                memcpy
 *fill*         0x0000000008000638        0x8 
 .text          0x0000000008000640       0xdc /Applications/ARM/bin/../lib/gcc/arm-none-eabi/10.3.1/../../../../arm-none-eabi/lib/thumb/v7e-m+fp/hard/libg.a(lib_a-strlen.o)
                0x0000000008000640                strlen
 *(.text*)
 .text.LCD_Output16BitWord
                0x000000000800071c       0x44 CMakeFiles/STM32.elf.dir/Core/Src/display.c.obj
                0x000000000800071c                LCD_Output16BitWord
 .text.LCD_WriteData
                0x0000000008000760       0x2c CMakeFiles/STM32.elf.dir/Core/Src/display.c.obj
                0x0000000008000760                LCD_WriteData
 .text.LCD_WriteCommand
                0x000000000800078c       0x2c CMakeFiles/STM32.elf.dir/Core/Src/display.c.obj
                0x000000000800078c                LCD_WriteCommand
 .text.LCD_WriteReg
                0x00000000080007b8       0x10 CMakeFiles/STM32.elf.dir/Core/Src/display.c.obj
                0x00000000080007b8                LCD_WriteReg
 .text.LCD_SetCursor
                0x00000000080007c8       0x16 CMakeFiles/STM32.elf.dir/Core/Src/display.c.obj
                0x00000000080007c8                LCD_SetCursor
 *fill*         0x00000000080007de        0x2 
 .text.LCD_drawPic
                0x00000000080007e0       0x74 CMakeFiles/STM32.elf.dir/Core/Src/display.c.obj
                0x00000000080007e0                LCD_drawPic
 .text.LCD_ClearDisplay
                0x0000000008000854       0x40 CMakeFiles/STM32.elf.dir/Core/Src/display.c.obj
                0x0000000008000854                LCD_ClearDisplay
 .text.LCD_DrawLetter
                0x0000000008000894       0x98 CMakeFiles/STM32.elf.dir/Core/Src/display.c.obj
                0x0000000008000894                LCD_DrawLetter
 .text.LCD_WriteString
                0x000000000800092c       0x44 CMakeFiles/STM32.elf.dir/Core/Src/display.c.obj
                0x000000000800092c                LCD_WriteString
 .text.LCD_Init
                0x0000000008000970      0x108 CMakeFiles/STM32.elf.dir/Core/Src/display.c.obj
                0x0000000008000970                LCD_Init
 .text.os_timer1_callb
                0x0000000008000a78       0x10 CMakeFiles/STM32.elf.dir/Core/Src/main.c.obj
                0x0000000008000a78                os_timer1_callb
 .text.MX_GPIO_Init
                0x0000000008000a88      0x188 CMakeFiles/STM32.elf.dir/Core/Src/main.c.obj
 .text.StartDefaultTask
                0x0000000008000c10       0x98 CMakeFiles/STM32.elf.dir/Core/Src/main.c.obj
                0x0000000008000c10                StartDefaultTask
 .text.Error_Handler
                0x0000000008000ca8        0x4 CMakeFiles/STM32.elf.dir/Core/Src/main.c.obj
                0x0000000008000ca8                Error_Handler
 .text.MX_I2C1_Init
                0x0000000008000cac       0x38 CMakeFiles/STM32.elf.dir/Core/Src/main.c.obj
 .text.MX_I2S3_Init
                0x0000000008000ce4       0x38 CMakeFiles/STM32.elf.dir/Core/Src/main.c.obj
 .text.MX_SPI1_Init
                0x0000000008000d1c       0x40 CMakeFiles/STM32.elf.dir/Core/Src/main.c.obj
 .text.SystemClock_Config
                0x0000000008000d5c       0xac CMakeFiles/STM32.elf.dir/Core/Src/main.c.obj
                0x0000000008000d5c                SystemClock_Config
 .text.main     0x0000000008000e08       0xfc CMakeFiles/STM32.elf.dir/Core/Src/main.c.obj
                0x0000000008000e08                main
 .text.HAL_MspInit
                0x0000000008000f04       0x44 CMakeFiles/STM32.elf.dir/Core/Src/stm32f4xx_hal_msp.c.obj
                0x0000000008000f04                HAL_MspInit
 .text.HAL_I2C_MspInit
                0x0000000008000f48       0x70 CMakeFiles/STM32.elf.dir/Core/Src/stm32f4xx_hal_msp.c.obj
                0x0000000008000f48                HAL_I2C_MspInit
 .text.HAL_I2S_MspInit
                0x0000000008000fb8       0xc0 CMakeFiles/STM32.elf.dir/Core/Src/stm32f4xx_hal_msp.c.obj
                0x0000000008000fb8                HAL_I2S_MspInit
 .text.HAL_SPI_MspInit
                0x0000000008001078       0x6c CMakeFiles/STM32.elf.dir/Core/Src/stm32f4xx_hal_msp.c.obj
                0x0000000008001078                HAL_SPI_MspInit
 .text.NMI_Handler
                0x00000000080010e4        0x2 CMakeFiles/STM32.elf.dir/Core/Src/stm32f4xx_it.c.obj
                0x00000000080010e4                NMI_Handler
 .text.HardFault_Handler
                0x00000000080010e6        0x2 CMakeFiles/STM32.elf.dir/Core/Src/stm32f4xx_it.c.obj
                0x00000000080010e6                HardFault_Handler
 .text.MemManage_Handler
                0x00000000080010e8        0x2 CMakeFiles/STM32.elf.dir/Core/Src/stm32f4xx_it.c.obj
                0x00000000080010e8                MemManage_Handler
 .text.BusFault_Handler
                0x00000000080010ea        0x2 CMakeFiles/STM32.elf.dir/Core/Src/stm32f4xx_it.c.obj
                0x00000000080010ea                BusFault_Handler
 .text.UsageFault_Handler
                0x00000000080010ec        0x2 CMakeFiles/STM32.elf.dir/Core/Src/stm32f4xx_it.c.obj
                0x00000000080010ec                UsageFault_Handler
 .text.DebugMon_Handler
                0x00000000080010ee        0x2 CMakeFiles/STM32.elf.dir/Core/Src/stm32f4xx_it.c.obj
                0x00000000080010ee                DebugMon_Handler
 .text.SysTick_Handler
                0x00000000080010f0       0x16 CMakeFiles/STM32.elf.dir/Core/Src/stm32f4xx_it.c.obj
                0x00000000080010f0                SysTick_Handler
 *fill*         0x0000000008001106        0x2 
 .text.OTG_FS_IRQHandler
                0x0000000008001108       0x10 CMakeFiles/STM32.elf.dir/Core/Src/stm32f4xx_it.c.obj
                0x0000000008001108                OTG_FS_IRQHandler
 .text._sbrk    0x0000000008001118       0x48 CMakeFiles/STM32.elf.dir/Core/Src/sysmem.c.obj
                0x0000000008001118                _sbrk
 .text.SystemInit
                0x0000000008001160       0x14 CMakeFiles/STM32.elf.dir/Core/Src/system_stm32f4xx.c.obj
                0x0000000008001160                SystemInit
 .text.DisplayTask
                0x0000000008001174       0xe0 CMakeFiles/STM32.elf.dir/Core/Src/tasks.c.obj
                0x0000000008001174                DisplayTask
 .text.HandleUserButton
                0x0000000008001254       0x64 CMakeFiles/STM32.elf.dir/Core/Src/tasks.c.obj
                0x0000000008001254                HandleUserButton
 .text.Reset_Handler
                0x00000000080012b8       0x50 CMakeFiles/STM32.elf.dir/Core/Startup/startup_stm32f407vgtx.s.obj
                0x00000000080012b8                Reset_Handler
 .text.Default_Handler
                0x0000000008001308        0x2 CMakeFiles/STM32.elf.dir/Core/Startup/startup_stm32f407vgtx.s.obj
                0x0000000008001308                DMA1_Stream3_IRQHandler
                0x0000000008001308                HASH_RNG_IRQHandler
                0x0000000008001308                EXTI2_IRQHandler
                0x0000000008001308                TIM8_CC_IRQHandler
                0x0000000008001308                TIM1_CC_IRQHandler
                0x0000000008001308                DMA2_Stream5_IRQHandler
                0x0000000008001308                DMA1_Stream5_IRQHandler
                0x0000000008001308                PVD_IRQHandler
                0x0000000008001308                SDIO_IRQHandler
                0x0000000008001308                TAMP_STAMP_IRQHandler
                0x0000000008001308                CAN2_RX1_IRQHandler
                0x0000000008001308                EXTI3_IRQHandler
                0x0000000008001308                TIM8_TRG_COM_TIM14_IRQHandler
                0x0000000008001308                TIM1_UP_TIM10_IRQHandler
                0x0000000008001308                TIM8_UP_TIM13_IRQHandler
                0x0000000008001308                I2C3_ER_IRQHandler
                0x0000000008001308                EXTI0_IRQHandler
                0x0000000008001308                I2C2_EV_IRQHandler
                0x0000000008001308                DMA1_Stream2_IRQHandler
                0x0000000008001308                CAN1_RX0_IRQHandler
                0x0000000008001308                FPU_IRQHandler
                0x0000000008001308                OTG_HS_WKUP_IRQHandler
                0x0000000008001308                CAN2_SCE_IRQHandler
                0x0000000008001308                DMA2_Stream2_IRQHandler
                0x0000000008001308                SPI1_IRQHandler
                0x0000000008001308                TIM6_DAC_IRQHandler
                0x0000000008001308                TIM1_BRK_TIM9_IRQHandler
                0x0000000008001308                DCMI_IRQHandler
                0x0000000008001308                CAN2_RX0_IRQHandler
                0x0000000008001308                DMA2_Stream3_IRQHandler
                0x0000000008001308                USART6_IRQHandler
                0x0000000008001308                USART3_IRQHandler
                0x0000000008001308                CAN1_RX1_IRQHandler
                0x0000000008001308                UART5_IRQHandler
                0x0000000008001308                DMA2_Stream0_IRQHandler
                0x0000000008001308                TIM4_IRQHandler
                0x0000000008001308                I2C1_EV_IRQHandler
                0x0000000008001308                DMA1_Stream6_IRQHandler
                0x0000000008001308                DMA1_Stream1_IRQHandler
                0x0000000008001308                UART4_IRQHandler
                0x0000000008001308                TIM3_IRQHandler
                0x0000000008001308                RCC_IRQHandler
                0x0000000008001308                TIM8_BRK_TIM12_IRQHandler
                0x0000000008001308                Default_Handler
                0x0000000008001308                EXTI15_10_IRQHandler
                0x0000000008001308                ADC_IRQHandler
                0x0000000008001308                DMA1_Stream7_IRQHandler
                0x0000000008001308                TIM7_IRQHandler
                0x0000000008001308                CAN2_TX_IRQHandler
                0x0000000008001308                TIM5_IRQHandler
                0x0000000008001308                DMA2_Stream7_IRQHandler
                0x0000000008001308                I2C3_EV_IRQHandler
                0x0000000008001308                EXTI9_5_IRQHandler
                0x0000000008001308                RTC_WKUP_IRQHandler
                0x0000000008001308                ETH_WKUP_IRQHandler
                0x0000000008001308                SPI2_IRQHandler
                0x0000000008001308                OTG_HS_EP1_IN_IRQHandler
                0x0000000008001308                DMA1_Stream0_IRQHandler
                0x0000000008001308                CAN1_TX_IRQHandler
                0x0000000008001308                EXTI4_IRQHandler
                0x0000000008001308                FSMC_IRQHandler
                0x0000000008001308                ETH_IRQHandler
                0x0000000008001308                OTG_HS_EP1_OUT_IRQHandler
                0x0000000008001308                WWDG_IRQHandler
                0x0000000008001308                TIM2_IRQHandler
                0x0000000008001308                OTG_FS_WKUP_IRQHandler
                0x0000000008001308                TIM1_TRG_COM_TIM11_IRQHandler
                0x0000000008001308                OTG_HS_IRQHandler
                0x0000000008001308                EXTI1_IRQHandler
                0x0000000008001308                USART2_IRQHandler
                0x0000000008001308                I2C2_ER_IRQHandler
                0x0000000008001308                DMA2_Stream1_IRQHandler
                0x0000000008001308                CAN1_SCE_IRQHandler
                0x0000000008001308                FLASH_IRQHandler
                0x0000000008001308                DMA2_Stream4_IRQHandler
                0x0000000008001308                USART1_IRQHandler
                0x0000000008001308                SPI3_IRQHandler
                0x0000000008001308                DMA1_Stream4_IRQHandler
                0x0000000008001308                I2C1_ER_IRQHandler
                0x0000000008001308                DMA2_Stream6_IRQHandler
                0x0000000008001308                RTC_Alarm_IRQHandler
 *fill*         0x000000000800130a        0x2 
 .text.HAL_InitTick
                0x000000000800130c       0x4c CMakeFiles/STM32.elf.dir/Drivers/STM32F4xx_HAL_Driver/Src/stm32f4xx_hal.c.obj
                0x000000000800130c                HAL_InitTick
 .text.HAL_Init
                0x0000000008001358       0x34 CMakeFiles/STM32.elf.dir/Drivers/STM32F4xx_HAL_Driver/Src/stm32f4xx_hal.c.obj
                0x0000000008001358                HAL_Init
 .text.HAL_IncTick
                0x000000000800138c       0x18 CMakeFiles/STM32.elf.dir/Drivers/STM32F4xx_HAL_Driver/Src/stm32f4xx_hal.c.obj
                0x000000000800138c                HAL_IncTick
 .text.HAL_GetTick
                0x00000000080013a4        0xc CMakeFiles/STM32.elf.dir/Drivers/STM32F4xx_HAL_Driver/Src/stm32f4xx_hal.c.obj
                0x00000000080013a4                HAL_GetTick
 .text.HAL_Delay
                0x00000000080013b0       0x28 CMakeFiles/STM32.elf.dir/Drivers/STM32F4xx_HAL_Driver/Src/stm32f4xx_hal.c.obj
                0x00000000080013b0                HAL_Delay
 .text.HAL_NVIC_SetPriorityGrouping
                0x00000000080013d8       0x24 CMakeFiles/STM32.elf.dir/Drivers/STM32F4xx_HAL_Driver/Src/stm32f4xx_hal_cortex.c.obj
                0x00000000080013d8                HAL_NVIC_SetPriorityGrouping
 .text.HAL_NVIC_SetPriority
                0x00000000080013fc       0x70 CMakeFiles/STM32.elf.dir/Drivers/STM32F4xx_HAL_Driver/Src/stm32f4xx_hal_cortex.c.obj
                0x00000000080013fc                HAL_NVIC_SetPriority
 .text.HAL_NVIC_EnableIRQ
                0x000000000800146c       0x1c CMakeFiles/STM32.elf.dir/Drivers/STM32F4xx_HAL_Driver/Src/stm32f4xx_hal_cortex.c.obj
                0x000000000800146c                HAL_NVIC_EnableIRQ
 .text.HAL_SYSTICK_Config
                0x0000000008001488       0x28 CMakeFiles/STM32.elf.dir/Drivers/STM32F4xx_HAL_Driver/Src/stm32f4xx_hal_cortex.c.obj
                0x0000000008001488                HAL_SYSTICK_Config
 .text.HAL_GPIO_Init
                0x00000000080014b0      0x1e4 CMakeFiles/STM32.elf.dir/Drivers/STM32F4xx_HAL_Driver/Src/stm32f4xx_hal_gpio.c.obj
                0x00000000080014b0                HAL_GPIO_Init
 .text.HAL_GPIO_ReadPin
                0x0000000008001694        0xe CMakeFiles/STM32.elf.dir/Drivers/STM32F4xx_HAL_Driver/Src/stm32f4xx_hal_gpio.c.obj
                0x0000000008001694                HAL_GPIO_ReadPin
 .text.HAL_GPIO_WritePin
                0x00000000080016a2        0xc CMakeFiles/STM32.elf.dir/Drivers/STM32F4xx_HAL_Driver/Src/stm32f4xx_hal_gpio.c.obj
                0x00000000080016a2                HAL_GPIO_WritePin
 .text.HCD_RXQLVL_IRQHandler
                0x00000000080016ae       0x9e CMakeFiles/STM32.elf.dir/Drivers/STM32F4xx_HAL_Driver/Src/stm32f4xx_hal_hcd.c.obj
 .text.HAL_HCD_HC_Init
                0x000000000800174c       0x8e CMakeFiles/STM32.elf.dir/Drivers/STM32F4xx_HAL_Driver/Src/stm32f4xx_hal_hcd.c.obj
                0x000000000800174c                HAL_HCD_HC_Init
 .text.HAL_HCD_HC_Halt
                0x00000000080017da       0x24 CMakeFiles/STM32.elf.dir/Drivers/STM32F4xx_HAL_Driver/Src/stm32f4xx_hal_hcd.c.obj
                0x00000000080017da                HAL_HCD_HC_Halt
 .text.HAL_HCD_Init
                0x00000000080017fe       0xa4 CMakeFiles/STM32.elf.dir/Drivers/STM32F4xx_HAL_Driver/Src/stm32f4xx_hal_hcd.c.obj
                0x00000000080017fe                HAL_HCD_Init
 .text.HAL_HCD_HC_SubmitRequest
                0x00000000080018a2      0x164 CMakeFiles/STM32.elf.dir/Drivers/STM32F4xx_HAL_Driver/Src/stm32f4xx_hal_hcd.c.obj
                0x00000000080018a2                HAL_HCD_HC_SubmitRequest
 .text.HCD_Port_IRQHandler
                0x0000000008001a06       0xb0 CMakeFiles/STM32.elf.dir/Drivers/STM32F4xx_HAL_Driver/Src/stm32f4xx_hal_hcd.c.obj
 .text.HCD_HC_IN_IRQHandler
                0x0000000008001ab6      0x2b6 CMakeFiles/STM32.elf.dir/Drivers/STM32F4xx_HAL_Driver/Src/stm32f4xx_hal_hcd.c.obj
 .text.HCD_HC_OUT_IRQHandler
                0x0000000008001d6c      0x2c2 CMakeFiles/STM32.elf.dir/Drivers/STM32F4xx_HAL_Driver/Src/stm32f4xx_hal_hcd.c.obj
 .text.HAL_HCD_IRQHandler
                0x000000000800202e      0x154 CMakeFiles/STM32.elf.dir/Drivers/STM32F4xx_HAL_Driver/Src/stm32f4xx_hal_hcd.c.obj
                0x000000000800202e                HAL_HCD_IRQHandler
 .text.HAL_HCD_Start
                0x0000000008002182       0x2a CMakeFiles/STM32.elf.dir/Drivers/STM32F4xx_HAL_Driver/Src/stm32f4xx_hal_hcd.c.obj
                0x0000000008002182                HAL_HCD_Start
 .text.HAL_HCD_Stop
                0x00000000080021ac       0x24 CMakeFiles/STM32.elf.dir/Drivers/STM32F4xx_HAL_Driver/Src/stm32f4xx_hal_hcd.c.obj
                0x00000000080021ac                HAL_HCD_Stop
 .text.HAL_HCD_ResetPort
                0x00000000080021d0        0xa CMakeFiles/STM32.elf.dir/Drivers/STM32F4xx_HAL_Driver/Src/stm32f4xx_hal_hcd.c.obj
                0x00000000080021d0                HAL_HCD_ResetPort
 .text.HAL_HCD_HC_GetURBState
                0x00000000080021da        0xc CMakeFiles/STM32.elf.dir/Drivers/STM32F4xx_HAL_Driver/Src/stm32f4xx_hal_hcd.c.obj
                0x00000000080021da                HAL_HCD_HC_GetURBState
 .text.HAL_HCD_HC_GetXferCount
                0x00000000080021e6        0xa CMakeFiles/STM32.elf.dir/Drivers/STM32F4xx_HAL_Driver/Src/stm32f4xx_hal_hcd.c.obj
                0x00000000080021e6                HAL_HCD_HC_GetXferCount
 .text.HAL_HCD_GetCurrentFrame
                0x00000000080021f0        0xa CMakeFiles/STM32.elf.dir/Drivers/STM32F4xx_HAL_Driver/Src/stm32f4xx_hal_hcd.c.obj
                0x00000000080021f0                HAL_HCD_GetCurrentFrame
 .text.HAL_HCD_GetCurrentSpeed
                0x00000000080021fa        0xa CMakeFiles/STM32.elf.dir/Drivers/STM32F4xx_HAL_Driver/Src/stm32f4xx_hal_hcd.c.obj
                0x00000000080021fa                HAL_HCD_GetCurrentSpeed
 .text.HAL_I2C_Init
                0x0000000008002204      0x1bc CMakeFiles/STM32.elf.dir/Drivers/STM32F4xx_HAL_Driver/Src/stm32f4xx_hal_i2c.c.obj
                0x0000000008002204                HAL_I2C_Init
 .text.HAL_I2S_Init
                0x00000000080023c0      0x19c CMakeFiles/STM32.elf.dir/Drivers/STM32F4xx_HAL_Driver/Src/stm32f4xx_hal_i2s.c.obj
                0x00000000080023c0                HAL_I2S_Init
 .text.HAL_I2S_TxCpltCallback
                0x000000000800255c        0x2 CMakeFiles/STM32.elf.dir/Drivers/STM32F4xx_HAL_Driver/Src/stm32f4xx_hal_i2s.c.obj
                0x000000000800255c                HAL_I2S_TxCpltCallback
 .text.I2S_Transmit_IT
                0x000000000800255e       0x38 CMakeFiles/STM32.elf.dir/Drivers/STM32F4xx_HAL_Driver/Src/stm32f4xx_hal_i2s.c.obj
 .text.HAL_I2S_RxCpltCallback
                0x0000000008002596        0x2 CMakeFiles/STM32.elf.dir/Drivers/STM32F4xx_HAL_Driver/Src/stm32f4xx_hal_i2s.c.obj
                0x0000000008002596                HAL_I2S_RxCpltCallback
 .text.I2S_Receive_IT
                0x0000000008002598       0x38 CMakeFiles/STM32.elf.dir/Drivers/STM32F4xx_HAL_Driver/Src/stm32f4xx_hal_i2s.c.obj
 .text.HAL_I2S_ErrorCallback
                0x00000000080025d0        0x2 CMakeFiles/STM32.elf.dir/Drivers/STM32F4xx_HAL_Driver/Src/stm32f4xx_hal_i2s.c.obj
                0x00000000080025d0                HAL_I2S_ErrorCallback
 .text.I2S_IRQHandler
                0x00000000080025d2       0xd0 CMakeFiles/STM32.elf.dir/Drivers/STM32F4xx_HAL_Driver/Src/stm32f4xx_hal_i2s.c.obj
 .text.HAL_I2SEx_TxRxCpltCallback
                0x00000000080026a2        0x2 CMakeFiles/STM32.elf.dir/Drivers/STM32F4xx_HAL_Driver/Src/stm32f4xx_hal_i2s_ex.c.obj
                0x00000000080026a2                HAL_I2SEx_TxRxCpltCallback
 .text.I2SEx_TxISR_I2S
                0x00000000080026a4       0x3c CMakeFiles/STM32.elf.dir/Drivers/STM32F4xx_HAL_Driver/Src/stm32f4xx_hal_i2s_ex.c.obj
 .text.I2SEx_RxISR_I2SExt
                0x00000000080026e0       0x64 CMakeFiles/STM32.elf.dir/Drivers/STM32F4xx_HAL_Driver/Src/stm32f4xx_hal_i2s_ex.c.obj
 .text.I2SEx_TxISR_I2SExt
                0x0000000008002744       0x64 CMakeFiles/STM32.elf.dir/Drivers/STM32F4xx_HAL_Driver/Src/stm32f4xx_hal_i2s_ex.c.obj
 .text.I2SEx_RxISR_I2S
                0x00000000080027a8       0x3c CMakeFiles/STM32.elf.dir/Drivers/STM32F4xx_HAL_Driver/Src/stm32f4xx_hal_i2s_ex.c.obj
 .text.HAL_I2SEx_FullDuplex_IRQHandler
                0x00000000080027e4      0x1d8 CMakeFiles/STM32.elf.dir/Drivers/STM32F4xx_HAL_Driver/Src/stm32f4xx_hal_i2s_ex.c.obj
                0x00000000080027e4                HAL_I2SEx_FullDuplex_IRQHandler
 .text.HAL_RCC_OscConfig
                0x00000000080029bc      0x3f8 CMakeFiles/STM32.elf.dir/Drivers/STM32F4xx_HAL_Driver/Src/stm32f4xx_hal_rcc.c.obj
                0x00000000080029bc                HAL_RCC_OscConfig
 .text.HAL_RCC_GetSysClockFreq
                0x0000000008002db4       0xd4 CMakeFiles/STM32.elf.dir/Drivers/STM32F4xx_HAL_Driver/Src/stm32f4xx_hal_rcc.c.obj
                0x0000000008002db4                HAL_RCC_GetSysClockFreq
 .text.HAL_RCC_ClockConfig
                0x0000000008002e88      0x160 CMakeFiles/STM32.elf.dir/Drivers/STM32F4xx_HAL_Driver/Src/stm32f4xx_hal_rcc.c.obj
                0x0000000008002e88                HAL_RCC_ClockConfig
 .text.HAL_RCC_GetHCLKFreq
                0x0000000008002fe8        0xc CMakeFiles/STM32.elf.dir/Drivers/STM32F4xx_HAL_Driver/Src/stm32f4xx_hal_rcc.c.obj
                0x0000000008002fe8                HAL_RCC_GetHCLKFreq
 .text.HAL_RCC_GetPCLK1Freq
                0x0000000008002ff4       0x20 CMakeFiles/STM32.elf.dir/Drivers/STM32F4xx_HAL_Driver/Src/stm32f4xx_hal_rcc.c.obj
                0x0000000008002ff4                HAL_RCC_GetPCLK1Freq
 .text.HAL_RCCEx_PeriphCLKConfig
                0x0000000008003014      0x154 CMakeFiles/STM32.elf.dir/Drivers/STM32F4xx_HAL_Driver/Src/stm32f4xx_hal_rcc_ex.c.obj
                0x0000000008003014                HAL_RCCEx_PeriphCLKConfig
 .text.HAL_RCCEx_GetPeriphCLKFreq
                0x0000000008003168       0x74 CMakeFiles/STM32.elf.dir/Drivers/STM32F4xx_HAL_Driver/Src/stm32f4xx_hal_rcc_ex.c.obj
                0x0000000008003168                HAL_RCCEx_GetPeriphCLKFreq
 .text.HAL_SPI_Init
                0x00000000080031dc       0xbe CMakeFiles/STM32.elf.dir/Drivers/STM32F4xx_HAL_Driver/Src/stm32f4xx_hal_spi.c.obj
                0x00000000080031dc                HAL_SPI_Init
 *fill*         0x000000000800329a        0x2 
 .text.USB_CoreReset
                0x000000000800329c       0x50 CMakeFiles/STM32.elf.dir/Drivers/STM32F4xx_HAL_Driver/Src/stm32f4xx_ll_usb.c.obj
 .text.USB_CoreInit
                0x00000000080032ec       0x8a CMakeFiles/STM32.elf.dir/Drivers/STM32F4xx_HAL_Driver/Src/stm32f4xx_ll_usb.c.obj
                0x00000000080032ec                USB_CoreInit
 .text.USB_EnableGlobalInt
                0x0000000008003376        0xc CMakeFiles/STM32.elf.dir/Drivers/STM32F4xx_HAL_Driver/Src/stm32f4xx_ll_usb.c.obj
                0x0000000008003376                USB_EnableGlobalInt
 .text.USB_DisableGlobalInt
                0x0000000008003382        0xc CMakeFiles/STM32.elf.dir/Drivers/STM32F4xx_HAL_Driver/Src/stm32f4xx_ll_usb.c.obj
                0x0000000008003382                USB_DisableGlobalInt
 *fill*         0x000000000800338e        0x2 
 .text.USB_FlushTxFifo
                0x0000000008003390       0x50 CMakeFiles/STM32.elf.dir/Drivers/STM32F4xx_HAL_Driver/Src/stm32f4xx_ll_usb.c.obj
                0x0000000008003390                USB_FlushTxFifo
 .text.USB_FlushRxFifo
                0x00000000080033e0       0x4c CMakeFiles/STM32.elf.dir/Drivers/STM32F4xx_HAL_Driver/Src/stm32f4xx_ll_usb.c.obj
                0x00000000080033e0                USB_FlushRxFifo
 .text.USB_WritePacket
                0x000000000800342c       0x2e CMakeFiles/STM32.elf.dir/Drivers/STM32F4xx_HAL_Driver/Src/stm32f4xx_ll_usb.c.obj
                0x000000000800342c                USB_WritePacket
 .text.USB_ReadPacket
                0x000000000800345a       0x54 CMakeFiles/STM32.elf.dir/Drivers/STM32F4xx_HAL_Driver/Src/stm32f4xx_ll_usb.c.obj
                0x000000000800345a                USB_ReadPacket
 .text.USB_ReadInterrupts
                0x00000000080034ae        0x8 CMakeFiles/STM32.elf.dir/Drivers/STM32F4xx_HAL_Driver/Src/stm32f4xx_ll_usb.c.obj
                0x00000000080034ae                USB_ReadInterrupts
 .text.USB_GetMode
                0x00000000080034b6        0x8 CMakeFiles/STM32.elf.dir/Drivers/STM32F4xx_HAL_Driver/Src/stm32f4xx_ll_usb.c.obj
                0x00000000080034b6                USB_GetMode
 .text.USB_SetCurrentMode
                0x00000000080034be       0x62 CMakeFiles/STM32.elf.dir/Drivers/STM32F4xx_HAL_Driver/Src/stm32f4xx_ll_usb.c.obj
                0x00000000080034be                USB_SetCurrentMode
 .text.USB_HostInit
                0x0000000008003520       0xf8 CMakeFiles/STM32.elf.dir/Drivers/STM32F4xx_HAL_Driver/Src/stm32f4xx_ll_usb.c.obj
                0x0000000008003520                USB_HostInit
 .text.USB_InitFSLSPClkSel
                0x0000000008003618       0x3e CMakeFiles/STM32.elf.dir/Drivers/STM32F4xx_HAL_Driver/Src/stm32f4xx_ll_usb.c.obj
                0x0000000008003618                USB_InitFSLSPClkSel
 .text.USB_ResetPort
                0x0000000008003656       0x3e CMakeFiles/STM32.elf.dir/Drivers/STM32F4xx_HAL_Driver/Src/stm32f4xx_ll_usb.c.obj
                0x0000000008003656                USB_ResetPort
 .text.USB_DriveVbus
                0x0000000008003694       0x46 CMakeFiles/STM32.elf.dir/Drivers/STM32F4xx_HAL_Driver/Src/stm32f4xx_ll_usb.c.obj
                0x0000000008003694                USB_DriveVbus
 .text.USB_GetHostSpeed
                0x00000000080036da       0x16 CMakeFiles/STM32.elf.dir/Drivers/STM32F4xx_HAL_Driver/Src/stm32f4xx_ll_usb.c.obj
                0x00000000080036da                USB_GetHostSpeed
 .text.USB_GetCurrentFrame
                0x00000000080036f0        0xa CMakeFiles/STM32.elf.dir/Drivers/STM32F4xx_HAL_Driver/Src/stm32f4xx_ll_usb.c.obj
                0x00000000080036f0                USB_GetCurrentFrame
 .text.USB_HC_Init
                0x00000000080036fa      0x128 CMakeFiles/STM32.elf.dir/Drivers/STM32F4xx_HAL_Driver/Src/stm32f4xx_ll_usb.c.obj
                0x00000000080036fa                USB_HC_Init
 .text.USB_HC_ReadInterrupt
                0x0000000008003822        0xa CMakeFiles/STM32.elf.dir/Drivers/STM32F4xx_HAL_Driver/Src/stm32f4xx_ll_usb.c.obj
                0x0000000008003822                USB_HC_ReadInterrupt
 .text.USB_HC_Halt
                0x000000000800382c       0xe6 CMakeFiles/STM32.elf.dir/Drivers/STM32F4xx_HAL_Driver/Src/stm32f4xx_ll_usb.c.obj
                0x000000000800382c                USB_HC_Halt
 *fill*         0x0000000008003912        0x2 
 .text.USB_DoPing
                0x0000000008003914       0x24 CMakeFiles/STM32.elf.dir/Drivers/STM32F4xx_HAL_Driver/Src/stm32f4xx_ll_usb.c.obj
                0x0000000008003914                USB_DoPing
 .text.USB_HC_StartXfer
                0x0000000008003938      0x16c CMakeFiles/STM32.elf.dir/Drivers/STM32F4xx_HAL_Driver/Src/stm32f4xx_ll_usb.c.obj
                0x0000000008003938                USB_HC_StartXfer
 .text.USB_StopHost
                0x0000000008003aa4       0x92 CMakeFiles/STM32.elf.dir/Drivers/STM32F4xx_HAL_Driver/Src/stm32f4xx_ll_usb.c.obj
                0x0000000008003aa4                USB_StopHost
 .text.USBH_CDC_SOFProcess
                0x0000000008003b36        0x4 CMakeFiles/STM32.elf.dir/Middlewares/ST/STM32_USB_Host_Library/Class/CDC/Src/usbh_cdc.c.obj
 .text.SetLineCoding
                0x0000000008003b3a       0x1a CMakeFiles/STM32.elf.dir/Middlewares/ST/STM32_USB_Host_Library/Class/CDC/Src/usbh_cdc.c.obj
 .text.GetLineCoding
                0x0000000008003b54       0x1a CMakeFiles/STM32.elf.dir/Middlewares/ST/STM32_USB_Host_Library/Class/CDC/Src/usbh_cdc.c.obj
 .text.USBH_CDC_ClassRequest
                0x0000000008003b6e       0x22 CMakeFiles/STM32.elf.dir/Middlewares/ST/STM32_USB_Host_Library/Class/CDC/Src/usbh_cdc.c.obj
 .text.USBH_CDC_InterfaceDeInit
                0x0000000008003b90       0x68 CMakeFiles/STM32.elf.dir/Middlewares/ST/STM32_USB_Host_Library/Class/CDC/Src/usbh_cdc.c.obj
 .text.USBH_CDC_InterfaceInit
                0x0000000008003bf8      0x186 CMakeFiles/STM32.elf.dir/Middlewares/ST/STM32_USB_Host_Library/Class/CDC/Src/usbh_cdc.c.obj
 .text.USBH_CDC_TransmitCallback
                0x0000000008003d7e        0x2 CMakeFiles/STM32.elf.dir/Middlewares/ST/STM32_USB_Host_Library/Class/CDC/Src/usbh_cdc.c.obj
                0x0000000008003d7e                USBH_CDC_TransmitCallback
 .text.CDC_ProcessTransmission
                0x0000000008003d80       0xc0 CMakeFiles/STM32.elf.dir/Middlewares/ST/STM32_USB_Host_Library/Class/CDC/Src/usbh_cdc.c.obj
 .text.USBH_CDC_ReceiveCallback
                0x0000000008003e40        0x2 CMakeFiles/STM32.elf.dir/Middlewares/ST/STM32_USB_Host_Library/Class/CDC/Src/usbh_cdc.c.obj
                0x0000000008003e40                USBH_CDC_ReceiveCallback
 .text.CDC_ProcessReception
                0x0000000008003e42       0x7e CMakeFiles/STM32.elf.dir/Middlewares/ST/STM32_USB_Host_Library/Class/CDC/Src/usbh_cdc.c.obj
 .text.USBH_CDC_LineCodingChanged
                0x0000000008003ec0        0x2 CMakeFiles/STM32.elf.dir/Middlewares/ST/STM32_USB_Host_Library/Class/CDC/Src/usbh_cdc.c.obj
                0x0000000008003ec0                USBH_CDC_LineCodingChanged
 .text.USBH_CDC_Process
                0x0000000008003ec2       0xb2 CMakeFiles/STM32.elf.dir/Middlewares/ST/STM32_USB_Host_Library/Class/CDC/Src/usbh_cdc.c.obj
 .text.DeInitStateMachine
                0x0000000008003f74       0x62 CMakeFiles/STM32.elf.dir/Middlewares/ST/STM32_USB_Host_Library/Core/Src/usbh_core.c.obj
 .text.USBH_HandleSof
                0x0000000008003fd6       0x1a CMakeFiles/STM32.elf.dir/Middlewares/ST/STM32_USB_Host_Library/Core/Src/usbh_core.c.obj
 .text.USBH_HandleEnum
                0x0000000008003ff0      0x2dc CMakeFiles/STM32.elf.dir/Middlewares/ST/STM32_USB_Host_Library/Core/Src/usbh_core.c.obj
 .text.USBH_Init
                0x00000000080042cc       0x74 CMakeFiles/STM32.elf.dir/Middlewares/ST/STM32_USB_Host_Library/Core/Src/usbh_core.c.obj
                0x00000000080042cc                USBH_Init
 .text.USBH_RegisterClass
                0x0000000008004340       0x22 CMakeFiles/STM32.elf.dir/Middlewares/ST/STM32_USB_Host_Library/Core/Src/usbh_core.c.obj
                0x0000000008004340                USBH_RegisterClass
 .text.USBH_SelectInterface
                0x0000000008004362       0x14 CMakeFiles/STM32.elf.dir/Middlewares/ST/STM32_USB_Host_Library/Core/Src/usbh_core.c.obj
                0x0000000008004362                USBH_SelectInterface
 .text.USBH_FindInterface
                0x0000000008004376       0x54 CMakeFiles/STM32.elf.dir/Middlewares/ST/STM32_USB_Host_Library/Core/Src/usbh_core.c.obj
                0x0000000008004376                USBH_FindInterface
 .text.USBH_Start
                0x00000000080043ca       0x14 CMakeFiles/STM32.elf.dir/Middlewares/ST/STM32_USB_Host_Library/Core/Src/usbh_core.c.obj
                0x00000000080043ca                USBH_Start
 .text.USBH_Process
                0x00000000080043de      0x360 CMakeFiles/STM32.elf.dir/Middlewares/ST/STM32_USB_Host_Library/Core/Src/usbh_core.c.obj
                0x00000000080043de                USBH_Process
 .text.USBH_Process_OS
                0x000000000800473e       0x22 CMakeFiles/STM32.elf.dir/Middlewares/ST/STM32_USB_Host_Library/Core/Src/usbh_core.c.obj
 .text.USBH_LL_SetTimer
                0x0000000008004760        0x6 CMakeFiles/STM32.elf.dir/Middlewares/ST/STM32_USB_Host_Library/Core/Src/usbh_core.c.obj
                0x0000000008004760                USBH_LL_SetTimer
 .text.USBH_LL_IncTimer
                0x0000000008004766       0x12 CMakeFiles/STM32.elf.dir/Middlewares/ST/STM32_USB_Host_Library/Core/Src/usbh_core.c.obj
                0x0000000008004766                USBH_LL_IncTimer
 .text.USBH_LL_PortEnabled
                0x0000000008004778       0x1e CMakeFiles/STM32.elf.dir/Middlewares/ST/STM32_USB_Host_Library/Core/Src/usbh_core.c.obj
                0x0000000008004778                USBH_LL_PortEnabled
 .text.USBH_LL_PortDisabled
                0x0000000008004796        0x8 CMakeFiles/STM32.elf.dir/Middlewares/ST/STM32_USB_Host_Library/Core/Src/usbh_core.c.obj
                0x0000000008004796                USBH_LL_PortDisabled
 .text.USBH_LL_Connect
                0x000000000800479e       0x2a CMakeFiles/STM32.elf.dir/Middlewares/ST/STM32_USB_Host_Library/Core/Src/usbh_core.c.obj
                0x000000000800479e                USBH_LL_Connect
 .text.USBH_LL_Disconnect
                0x00000000080047c8       0x40 CMakeFiles/STM32.elf.dir/Middlewares/ST/STM32_USB_Host_Library/Core/Src/usbh_core.c.obj
                0x00000000080047c8                USBH_LL_Disconnect
 .text.USBH_LL_NotifyURBChange
                0x0000000008004808       0x1c CMakeFiles/STM32.elf.dir/Middlewares/ST/STM32_USB_Host_Library/Core/Src/usbh_core.c.obj
                0x0000000008004808                USBH_LL_NotifyURBChange
 .text.USBH_ParseDevDesc
                0x0000000008004824       0x80 CMakeFiles/STM32.elf.dir/Middlewares/ST/STM32_USB_Host_Library/Core/Src/usbh_ctlreq.c.obj
 .text.USBH_ParseInterfaceDesc
                0x00000000080048a4       0x26 CMakeFiles/STM32.elf.dir/Middlewares/ST/STM32_USB_Host_Library/Core/Src/usbh_ctlreq.c.obj
 .text.USBH_ParseEPDesc
                0x00000000080048ca       0x9a CMakeFiles/STM32.elf.dir/Middlewares/ST/STM32_USB_Host_Library/Core/Src/usbh_ctlreq.c.obj
 .text.USBH_ParseStringDesc
                0x0000000008004964       0x32 CMakeFiles/STM32.elf.dir/Middlewares/ST/STM32_USB_Host_Library/Core/Src/usbh_ctlreq.c.obj
 .text.USBH_HandleControl
                0x0000000008004996      0x326 CMakeFiles/STM32.elf.dir/Middlewares/ST/STM32_USB_Host_Library/Core/Src/usbh_ctlreq.c.obj
 .text.USBH_GetNextDesc
                0x0000000008004cbc        0xe CMakeFiles/STM32.elf.dir/Middlewares/ST/STM32_USB_Host_Library/Core/Src/usbh_ctlreq.c.obj
                0x0000000008004cbc                USBH_GetNextDesc
 .text.USBH_ParseCfgDesc
                0x0000000008004cca      0x166 CMakeFiles/STM32.elf.dir/Middlewares/ST/STM32_USB_Host_Library/Core/Src/usbh_ctlreq.c.obj
 .text.USBH_CtlReq
                0x0000000008004e30       0x6e CMakeFiles/STM32.elf.dir/Middlewares/ST/STM32_USB_Host_Library/Core/Src/usbh_ctlreq.c.obj
                0x0000000008004e30                USBH_CtlReq
 .text.USBH_GetDescriptor
                0x0000000008004e9e       0x42 CMakeFiles/STM32.elf.dir/Middlewares/ST/STM32_USB_Host_Library/Core/Src/usbh_ctlreq.c.obj
                0x0000000008004e9e                USBH_GetDescriptor
 .text.USBH_Get_DevDesc
                0x0000000008004ee0       0x32 CMakeFiles/STM32.elf.dir/Middlewares/ST/STM32_USB_Host_Library/Core/Src/usbh_ctlreq.c.obj
                0x0000000008004ee0                USBH_Get_DevDesc
 .text.USBH_Get_CfgDesc
                0x0000000008004f12       0x2c CMakeFiles/STM32.elf.dir/Middlewares/ST/STM32_USB_Host_Library/Core/Src/usbh_ctlreq.c.obj
                0x0000000008004f12                USBH_Get_CfgDesc
 .text.USBH_Get_StringDesc
                0x0000000008004f3e       0x30 CMakeFiles/STM32.elf.dir/Middlewares/ST/STM32_USB_Host_Library/Core/Src/usbh_ctlreq.c.obj
                0x0000000008004f3e                USBH_Get_StringDesc
 .text.USBH_SetAddress
                0x0000000008004f6e       0x22 CMakeFiles/STM32.elf.dir/Middlewares/ST/STM32_USB_Host_Library/Core/Src/usbh_ctlreq.c.obj
                0x0000000008004f6e                USBH_SetAddress
 .text.USBH_SetCfg
                0x0000000008004f90       0x22 CMakeFiles/STM32.elf.dir/Middlewares/ST/STM32_USB_Host_Library/Core/Src/usbh_ctlreq.c.obj
                0x0000000008004f90                USBH_SetCfg
 .text.USBH_SetFeature
                0x0000000008004fb2       0x22 CMakeFiles/STM32.elf.dir/Middlewares/ST/STM32_USB_Host_Library/Core/Src/usbh_ctlreq.c.obj
                0x0000000008004fb2                USBH_SetFeature
 .text.USBH_ClrFeature
                0x0000000008004fd4       0x24 CMakeFiles/STM32.elf.dir/Middlewares/ST/STM32_USB_Host_Library/Core/Src/usbh_ctlreq.c.obj
                0x0000000008004fd4                USBH_ClrFeature
 .text.USBH_CtlSendSetup
                0x0000000008004ff8       0x22 CMakeFiles/STM32.elf.dir/Middlewares/ST/STM32_USB_Host_Library/Core/Src/usbh_ioreq.c.obj
                0x0000000008004ff8                USBH_CtlSendSetup
 .text.USBH_CtlSendData
                0x000000000800501a       0x2c CMakeFiles/STM32.elf.dir/Middlewares/ST/STM32_USB_Host_Library/Core/Src/usbh_ioreq.c.obj
                0x000000000800501a                USBH_CtlSendData
 .text.USBH_CtlReceiveData
                0x0000000008005046       0x20 CMakeFiles/STM32.elf.dir/Middlewares/ST/STM32_USB_Host_Library/Core/Src/usbh_ioreq.c.obj
                0x0000000008005046                USBH_CtlReceiveData
 .text.USBH_BulkSendData
                0x0000000008005066       0x2c CMakeFiles/STM32.elf.dir/Middlewares/ST/STM32_USB_Host_Library/Core/Src/usbh_ioreq.c.obj
                0x0000000008005066                USBH_BulkSendData
 .text.USBH_BulkReceiveData
                0x0000000008005092       0x20 CMakeFiles/STM32.elf.dir/Middlewares/ST/STM32_USB_Host_Library/Core/Src/usbh_ioreq.c.obj
                0x0000000008005092                USBH_BulkReceiveData
 .text.USBH_GetFreePipe
                0x00000000080050b2       0x26 CMakeFiles/STM32.elf.dir/Middlewares/ST/STM32_USB_Host_Library/Core/Src/usbh_pipes.c.obj
 .text.USBH_OpenPipe
                0x00000000080050d8       0x20 CMakeFiles/STM32.elf.dir/Middlewares/ST/STM32_USB_Host_Library/Core/Src/usbh_pipes.c.obj
                0x00000000080050d8                USBH_OpenPipe
 .text.USBH_ClosePipe
                0x00000000080050f8        0xa CMakeFiles/STM32.elf.dir/Middlewares/ST/STM32_USB_Host_Library/Core/Src/usbh_pipes.c.obj
                0x00000000080050f8                USBH_ClosePipe
 .text.USBH_AllocPipe
                0x0000000008005102       0x26 CMakeFiles/STM32.elf.dir/Middlewares/ST/STM32_USB_Host_Library/Core/Src/usbh_pipes.c.obj
                0x0000000008005102                USBH_AllocPipe
 .text.USBH_FreePipe
                0x0000000008005128       0x16 CMakeFiles/STM32.elf.dir/Middlewares/ST/STM32_USB_Host_Library/Core/Src/usbh_pipes.c.obj
                0x0000000008005128                USBH_FreePipe
 .text.TimerCallback
                0x000000000800513e       0x10 CMakeFiles/STM32.elf.dir/Middlewares/Third_Party/FreeRTOS/Source/CMSIS_RTOS_V2/cmsis_os2.c.obj
 *fill*         0x000000000800514e        0x2 
 .text.osKernelInitialize
                0x0000000008005150       0x24 CMakeFiles/STM32.elf.dir/Middlewares/Third_Party/FreeRTOS/Source/CMSIS_RTOS_V2/cmsis_os2.c.obj
                0x0000000008005150                osKernelInitialize
 .text.osKernelStart
                0x0000000008005174       0x38 CMakeFiles/STM32.elf.dir/Middlewares/Third_Party/FreeRTOS/Source/CMSIS_RTOS_V2/cmsis_os2.c.obj
                0x0000000008005174                osKernelStart
 .text.osThreadNew
                0x00000000080051ac       0xbc CMakeFiles/STM32.elf.dir/Middlewares/Third_Party/FreeRTOS/Source/CMSIS_RTOS_V2/cmsis_os2.c.obj
                0x00000000080051ac                osThreadNew
 .text.osDelay  0x0000000008005268       0x1c CMakeFiles/STM32.elf.dir/Middlewares/Third_Party/FreeRTOS/Source/CMSIS_RTOS_V2/cmsis_os2.c.obj
                0x0000000008005268                osDelay
 .text.osTimerNew
                0x0000000008005284       0xa8 CMakeFiles/STM32.elf.dir/Middlewares/Third_Party/FreeRTOS/Source/CMSIS_RTOS_V2/cmsis_os2.c.obj
                0x0000000008005284                osTimerNew
 .text.osTimerStart
                0x000000000800532c       0x34 CMakeFiles/STM32.elf.dir/Middlewares/Third_Party/FreeRTOS/Source/CMSIS_RTOS_V2/cmsis_os2.c.obj
                0x000000000800532c                osTimerStart
 .text.osSemaphoreNew
                0x0000000008005360       0xb4 CMakeFiles/STM32.elf.dir/Middlewares/Third_Party/FreeRTOS/Source/CMSIS_RTOS_V2/cmsis_os2.c.obj
                0x0000000008005360                osSemaphoreNew
 .text.osSemaphoreAcquire
                0x0000000008005414       0x68 CMakeFiles/STM32.elf.dir/Middlewares/Third_Party/FreeRTOS/Source/CMSIS_RTOS_V2/cmsis_os2.c.obj
                0x0000000008005414                osSemaphoreAcquire
 .text.osSemaphoreRelease
                0x000000000800547c       0x5e CMakeFiles/STM32.elf.dir/Middlewares/Third_Party/FreeRTOS/Source/CMSIS_RTOS_V2/cmsis_os2.c.obj
                0x000000000800547c                osSemaphoreRelease
 .text.osMessageQueueNew
                0x00000000080054da       0x96 CMakeFiles/STM32.elf.dir/Middlewares/Third_Party/FreeRTOS/Source/CMSIS_RTOS_V2/cmsis_os2.c.obj
                0x00000000080054da                osMessageQueueNew
 .text.osMessageQueuePut
                0x0000000008005570       0x84 CMakeFiles/STM32.elf.dir/Middlewares/Third_Party/FreeRTOS/Source/CMSIS_RTOS_V2/cmsis_os2.c.obj
                0x0000000008005570                osMessageQueuePut
 .text.osMessageQueueGet
                0x00000000080055f4       0x82 CMakeFiles/STM32.elf.dir/Middlewares/Third_Party/FreeRTOS/Source/CMSIS_RTOS_V2/cmsis_os2.c.obj
                0x00000000080055f4                osMessageQueueGet
 .text.osMessageQueueGetCount
                0x0000000008005676       0x1a CMakeFiles/STM32.elf.dir/Middlewares/Third_Party/FreeRTOS/Source/CMSIS_RTOS_V2/cmsis_os2.c.obj
                0x0000000008005676                osMessageQueueGetCount
 .text.vApplicationGetIdleTaskMemory
                0x0000000008005690       0x18 CMakeFiles/STM32.elf.dir/Middlewares/Third_Party/FreeRTOS/Source/CMSIS_RTOS_V2/cmsis_os2.c.obj
                0x0000000008005690                vApplicationGetIdleTaskMemory
 .text.vApplicationGetTimerTaskMemory
                0x00000000080056a8       0x18 CMakeFiles/STM32.elf.dir/Middlewares/Third_Party/FreeRTOS/Source/CMSIS_RTOS_V2/cmsis_os2.c.obj
                0x00000000080056a8                vApplicationGetTimerTaskMemory
 .text.vListInitialise
                0x00000000080056c0       0x16 CMakeFiles/STM32.elf.dir/Middlewares/Third_Party/FreeRTOS/Source/list.c.obj
                0x00000000080056c0                vListInitialise
 .text.vListInitialiseItem
                0x00000000080056d6        0x6 CMakeFiles/STM32.elf.dir/Middlewares/Third_Party/FreeRTOS/Source/list.c.obj
                0x00000000080056d6                vListInitialiseItem
 .text.vListInsertEnd
                0x00000000080056dc       0x16 CMakeFiles/STM32.elf.dir/Middlewares/Third_Party/FreeRTOS/Source/list.c.obj
                0x00000000080056dc                vListInsertEnd
 .text.vListInsert
                0x00000000080056f2       0x32 CMakeFiles/STM32.elf.dir/Middlewares/Third_Party/FreeRTOS/Source/list.c.obj
                0x00000000080056f2                vListInsert
 .text.uxListRemove
                0x0000000008005724       0x26 CMakeFiles/STM32.elf.dir/Middlewares/Third_Party/FreeRTOS/Source/list.c.obj
                0x0000000008005724                uxListRemove
 *fill*         0x000000000800574a        0x2 
 .text.prvTaskExitError
                0x000000000800574c       0x40 CMakeFiles/STM32.elf.dir/Middlewares/Third_Party/FreeRTOS/Source/portable/GCC/ARM_CM4F/port.c.obj
 .text.prvPortStartFirstTask
                0x000000000800578c       0x28 CMakeFiles/STM32.elf.dir/Middlewares/Third_Party/FreeRTOS/Source/portable/GCC/ARM_CM4F/port.c.obj
 .text.vPortEnableVFP
                0x00000000080057b4       0x14 CMakeFiles/STM32.elf.dir/Middlewares/Third_Party/FreeRTOS/Source/portable/GCC/ARM_CM4F/port.c.obj
 .text.pxPortInitialiseStack
                0x00000000080057c8       0x2c CMakeFiles/STM32.elf.dir/Middlewares/Third_Party/FreeRTOS/Source/portable/GCC/ARM_CM4F/port.c.obj
                0x00000000080057c8                pxPortInitialiseStack
 *fill*         0x00000000080057f4        0xc 
 .text.SVC_Handler
                0x0000000008005800       0x24 CMakeFiles/STM32.elf.dir/Middlewares/Third_Party/FreeRTOS/Source/portable/GCC/ARM_CM4F/port.c.obj
                0x0000000008005800                SVC_Handler
 .text.vPortEnterCritical
                0x0000000008005824       0x44 CMakeFiles/STM32.elf.dir/Middlewares/Third_Party/FreeRTOS/Source/portable/GCC/ARM_CM4F/port.c.obj
                0x0000000008005824                vPortEnterCritical
 .text.vPortExitCritical
                0x0000000008005868       0x2c CMakeFiles/STM32.elf.dir/Middlewares/Third_Party/FreeRTOS/Source/portable/GCC/ARM_CM4F/port.c.obj
                0x0000000008005868                vPortExitCritical
 *fill*         0x0000000008005894        0xc 
 .text.PendSV_Handler
                0x00000000080058a0       0x64 CMakeFiles/STM32.elf.dir/Middlewares/Third_Party/FreeRTOS/Source/portable/GCC/ARM_CM4F/port.c.obj
                0x00000000080058a0                PendSV_Handler
 .text.xPortSysTickHandler
                0x0000000008005904       0x2c CMakeFiles/STM32.elf.dir/Middlewares/Third_Party/FreeRTOS/Source/portable/GCC/ARM_CM4F/port.c.obj
                0x0000000008005904                xPortSysTickHandler
 .text.vPortSetupTimerInterrupt
                0x0000000008005930       0x28 CMakeFiles/STM32.elf.dir/Middlewares/Third_Party/FreeRTOS/Source/portable/GCC/ARM_CM4F/port.c.obj
                0x0000000008005930                vPortSetupTimerInterrupt
 .text.xPortStartScheduler
                0x0000000008005958      0x118 CMakeFiles/STM32.elf.dir/Middlewares/Third_Party/FreeRTOS/Source/portable/GCC/ARM_CM4F/port.c.obj
                0x0000000008005958                xPortStartScheduler
 .text.vPortValidateInterruptPriority
                0x0000000008005a70       0x5c CMakeFiles/STM32.elf.dir/Middlewares/Third_Party/FreeRTOS/Source/portable/GCC/ARM_CM4F/port.c.obj
                0x0000000008005a70                vPortValidateInterruptPriority
 .text.prvHeapInit
                0x0000000008005acc       0x64 CMakeFiles/STM32.elf.dir/Middlewares/Third_Party/FreeRTOS/Source/portable/MemMang/heap_4.c.obj
 .text.prvInsertBlockIntoFreeList
                0x0000000008005b30       0x64 CMakeFiles/STM32.elf.dir/Middlewares/Third_Party/FreeRTOS/Source/portable/MemMang/heap_4.c.obj
 .text.pvPortMalloc
                0x0000000008005b94       0xfc CMakeFiles/STM32.elf.dir/Middlewares/Third_Party/FreeRTOS/Source/portable/MemMang/heap_4.c.obj
                0x0000000008005b94                pvPortMalloc
 .text.vPortFree
                0x0000000008005c90       0x7c CMakeFiles/STM32.elf.dir/Middlewares/Third_Party/FreeRTOS/Source/portable/MemMang/heap_4.c.obj
                0x0000000008005c90                vPortFree
 .text.prvGetDisinheritPriorityAfterTimeout
                0x0000000008005d0c       0x10 CMakeFiles/STM32.elf.dir/Middlewares/Third_Party/FreeRTOS/Source/queue.c.obj
 .text.prvIsQueueFull
                0x0000000008005d1c       0x1e CMakeFiles/STM32.elf.dir/Middlewares/Third_Party/FreeRTOS/Source/queue.c.obj
 .text.prvIsQueueEmpty
                0x0000000008005d3a       0x1a CMakeFiles/STM32.elf.dir/Middlewares/Third_Party/FreeRTOS/Source/queue.c.obj
 .text.prvCopyDataToQueue
                0x0000000008005d54       0x76 CMakeFiles/STM32.elf.dir/Middlewares/Third_Party/FreeRTOS/Source/queue.c.obj
 .text.prvCopyDataFromQueue
                0x0000000008005dca       0x24 CMakeFiles/STM32.elf.dir/Middlewares/Third_Party/FreeRTOS/Source/queue.c.obj
 .text.prvUnlockQueue
                0x0000000008005dee       0x6e CMakeFiles/STM32.elf.dir/Middlewares/Third_Party/FreeRTOS/Source/queue.c.obj
 .text.xQueueGenericReset
                0x0000000008005e5c       0x84 CMakeFiles/STM32.elf.dir/Middlewares/Third_Party/FreeRTOS/Source/queue.c.obj
                0x0000000008005e5c                xQueueGenericReset
 .text.prvInitialiseNewQueue
                0x0000000008005ee0       0x22 CMakeFiles/STM32.elf.dir/Middlewares/Third_Party/FreeRTOS/Source/queue.c.obj
 .text.xQueueGenericCreateStatic
                0x0000000008005f02       0x94 CMakeFiles/STM32.elf.dir/Middlewares/Third_Party/FreeRTOS/Source/queue.c.obj
                0x0000000008005f02                xQueueGenericCreateStatic
 .text.xQueueGenericCreate
                0x0000000008005f96       0x48 CMakeFiles/STM32.elf.dir/Middlewares/Third_Party/FreeRTOS/Source/queue.c.obj
                0x0000000008005f96                xQueueGenericCreate
 .text.xQueueCreateCountingSemaphoreStatic
                0x0000000008005fde       0x46 CMakeFiles/STM32.elf.dir/Middlewares/Third_Party/FreeRTOS/Source/queue.c.obj
                0x0000000008005fde                xQueueCreateCountingSemaphoreStatic
 .text.xQueueCreateCountingSemaphore
                0x0000000008006024       0x3c CMakeFiles/STM32.elf.dir/Middlewares/Third_Party/FreeRTOS/Source/queue.c.obj
                0x0000000008006024                xQueueCreateCountingSemaphore
 .text.xQueueGenericSend
                0x0000000008006060      0x188 CMakeFiles/STM32.elf.dir/Middlewares/Third_Party/FreeRTOS/Source/queue.c.obj
                0x0000000008006060                xQueueGenericSend
 .text.xQueueGenericSendFromISR
                0x00000000080061e8       0xce CMakeFiles/STM32.elf.dir/Middlewares/Third_Party/FreeRTOS/Source/queue.c.obj
                0x00000000080061e8                xQueueGenericSendFromISR
 .text.xQueueGiveFromISR
                0x00000000080062b6       0xb2 CMakeFiles/STM32.elf.dir/Middlewares/Third_Party/FreeRTOS/Source/queue.c.obj
                0x00000000080062b6                xQueueGiveFromISR
 .text.xQueueReceive
                0x0000000008006368      0x15e CMakeFiles/STM32.elf.dir/Middlewares/Third_Party/FreeRTOS/Source/queue.c.obj
                0x0000000008006368                xQueueReceive
 .text.xQueueSemaphoreTake
                0x00000000080064c6      0x1a6 CMakeFiles/STM32.elf.dir/Middlewares/Third_Party/FreeRTOS/Source/queue.c.obj
                0x00000000080064c6                xQueueSemaphoreTake
 .text.xQueueReceiveFromISR
                0x000000000800666c       0xa8 CMakeFiles/STM32.elf.dir/Middlewares/Third_Party/FreeRTOS/Source/queue.c.obj
                0x000000000800666c                xQueueReceiveFromISR
 .text.uxQueueMessagesWaiting
                0x0000000008006714       0x26 CMakeFiles/STM32.elf.dir/Middlewares/Third_Party/FreeRTOS/Source/queue.c.obj
                0x0000000008006714                uxQueueMessagesWaiting
 .text.uxQueueMessagesWaitingFromISR
                0x000000000800673a       0x18 CMakeFiles/STM32.elf.dir/Middlewares/Third_Party/FreeRTOS/Source/queue.c.obj
                0x000000000800673a                uxQueueMessagesWaitingFromISR
 *fill*         0x0000000008006752        0x2 
 .text.vQueueAddToRegistry
                0x0000000008006754       0x28 CMakeFiles/STM32.elf.dir/Middlewares/Third_Party/FreeRTOS/Source/queue.c.obj
                0x0000000008006754                vQueueAddToRegistry
 .text.vQueueUnregisterQueue
                0x000000000800677c       0x2c CMakeFiles/STM32.elf.dir/Middlewares/Third_Party/FreeRTOS/Source/queue.c.obj
                0x000000000800677c                vQueueUnregisterQueue
 .text.vQueueDelete
                0x00000000080067a8       0x2c CMakeFiles/STM32.elf.dir/Middlewares/Third_Party/FreeRTOS/Source/queue.c.obj
                0x00000000080067a8                vQueueDelete
 .text.vQueueWaitForMessageRestricted
                0x00000000080067d4       0x52 CMakeFiles/STM32.elf.dir/Middlewares/Third_Party/FreeRTOS/Source/queue.c.obj
                0x00000000080067d4                vQueueWaitForMessageRestricted
 *fill*         0x0000000008006826        0x2 
 .text.prvResetNextTaskUnblockTime
                0x0000000008006828       0x2c CMakeFiles/STM32.elf.dir/Middlewares/Third_Party/FreeRTOS/Source/tasks.c.obj
 .text.prvInitialiseNewTask
                0x0000000008006854       0xa6 CMakeFiles/STM32.elf.dir/Middlewares/Third_Party/FreeRTOS/Source/tasks.c.obj
 *fill*         0x00000000080068fa        0x2 
 .text.prvInitialiseTaskLists
                0x00000000080068fc       0x68 CMakeFiles/STM32.elf.dir/Middlewares/Third_Party/FreeRTOS/Source/tasks.c.obj
 .text.prvAddNewTaskToReadyList
                0x0000000008006964       0xac CMakeFiles/STM32.elf.dir/Middlewares/Third_Party/FreeRTOS/Source/tasks.c.obj
 .text.prvDeleteTCB
                0x0000000008006a10       0x38 CMakeFiles/STM32.elf.dir/Middlewares/Third_Party/FreeRTOS/Source/tasks.c.obj
 .text.prvCheckTasksWaitingTermination
                0x0000000008006a48       0x4c CMakeFiles/STM32.elf.dir/Middlewares/Third_Party/FreeRTOS/Source/tasks.c.obj
 .text.prvIdleTask
                0x0000000008006a94       0x28 CMakeFiles/STM32.elf.dir/Middlewares/Third_Party/FreeRTOS/Source/tasks.c.obj
 .text.prvAddCurrentTaskToDelayedList
                0x0000000008006abc       0x7c CMakeFiles/STM32.elf.dir/Middlewares/Third_Party/FreeRTOS/Source/tasks.c.obj
 .text.xTaskCreateStatic
                0x0000000008006b38       0x76 CMakeFiles/STM32.elf.dir/Middlewares/Third_Party/FreeRTOS/Source/tasks.c.obj
                0x0000000008006b38                xTaskCreateStatic
 .text.xTaskCreate
                0x0000000008006bae       0x68 CMakeFiles/STM32.elf.dir/Middlewares/Third_Party/FreeRTOS/Source/tasks.c.obj
                0x0000000008006bae                xTaskCreate
 *fill*         0x0000000008006c16        0x2 
 .text.vTaskStartScheduler
                0x0000000008006c18       0x9c CMakeFiles/STM32.elf.dir/Middlewares/Third_Party/FreeRTOS/Source/tasks.c.obj
                0x0000000008006c18                vTaskStartScheduler
 .text.vTaskSuspendAll
                0x0000000008006cb4       0x10 CMakeFiles/STM32.elf.dir/Middlewares/Third_Party/FreeRTOS/Source/tasks.c.obj
                0x0000000008006cb4                vTaskSuspendAll
 .text.xTaskGetTickCount
                0x0000000008006cc4        0xc CMakeFiles/STM32.elf.dir/Middlewares/Third_Party/FreeRTOS/Source/tasks.c.obj
                0x0000000008006cc4                xTaskGetTickCount
 .text.xTaskIncrementTick
                0x0000000008006cd0      0x118 CMakeFiles/STM32.elf.dir/Middlewares/Third_Party/FreeRTOS/Source/tasks.c.obj
                0x0000000008006cd0                xTaskIncrementTick
 .text.xTaskResumeAll
                0x0000000008006de8       0xf8 CMakeFiles/STM32.elf.dir/Middlewares/Third_Party/FreeRTOS/Source/tasks.c.obj
                0x0000000008006de8                xTaskResumeAll
 .text.vTaskDelay
                0x0000000008006ee0       0x4c CMakeFiles/STM32.elf.dir/Middlewares/Third_Party/FreeRTOS/Source/tasks.c.obj
                0x0000000008006ee0                vTaskDelay
 .text.vTaskSwitchContext
                0x0000000008006f2c       0x94 CMakeFiles/STM32.elf.dir/Middlewares/Third_Party/FreeRTOS/Source/tasks.c.obj
                0x0000000008006f2c                vTaskSwitchContext
 .text.vTaskPlaceOnEventList
                0x0000000008006fc0       0x30 CMakeFiles/STM32.elf.dir/Middlewares/Third_Party/FreeRTOS/Source/tasks.c.obj
                0x0000000008006fc0                vTaskPlaceOnEventList
 .text.vTaskPlaceOnEventListRestricted
                0x0000000008006ff0       0x38 CMakeFiles/STM32.elf.dir/Middlewares/Third_Party/FreeRTOS/Source/tasks.c.obj
                0x0000000008006ff0                vTaskPlaceOnEventListRestricted
 .text.xTaskRemoveFromEventList
                0x0000000008007028       0x8c CMakeFiles/STM32.elf.dir/Middlewares/Third_Party/FreeRTOS/Source/tasks.c.obj
                0x0000000008007028                xTaskRemoveFromEventList
 .text.vTaskInternalSetTimeOutState
                0x00000000080070b4       0x18 CMakeFiles/STM32.elf.dir/Middlewares/Third_Party/FreeRTOS/Source/tasks.c.obj
                0x00000000080070b4                vTaskInternalSetTimeOutState
 .text.xTaskCheckForTimeOut
                0x00000000080070cc       0x84 CMakeFiles/STM32.elf.dir/Middlewares/Third_Party/FreeRTOS/Source/tasks.c.obj
                0x00000000080070cc                xTaskCheckForTimeOut
 .text.vTaskMissedYield
                0x0000000008007150        0xc CMakeFiles/STM32.elf.dir/Middlewares/Third_Party/FreeRTOS/Source/tasks.c.obj
                0x0000000008007150                vTaskMissedYield
 .text.xTaskGetSchedulerState
                0x000000000800715c       0x20 CMakeFiles/STM32.elf.dir/Middlewares/Third_Party/FreeRTOS/Source/tasks.c.obj
                0x000000000800715c                xTaskGetSchedulerState
 .text.xTaskPriorityInherit
                0x000000000800717c       0x98 CMakeFiles/STM32.elf.dir/Middlewares/Third_Party/FreeRTOS/Source/tasks.c.obj
                0x000000000800717c                xTaskPriorityInherit
 .text.xTaskPriorityDisinherit
                0x0000000008007214       0x90 CMakeFiles/STM32.elf.dir/Middlewares/Third_Party/FreeRTOS/Source/tasks.c.obj
                0x0000000008007214                xTaskPriorityDisinherit
 .text.vTaskPriorityDisinheritAfterTimeout
                0x00000000080072a4       0xa0 CMakeFiles/STM32.elf.dir/Middlewares/Third_Party/FreeRTOS/Source/tasks.c.obj
                0x00000000080072a4                vTaskPriorityDisinheritAfterTimeout
 .text.pvTaskIncrementMutexHeldCount
                0x0000000008007344       0x1c CMakeFiles/STM32.elf.dir/Middlewares/Third_Party/FreeRTOS/Source/tasks.c.obj
                0x0000000008007344                pvTaskIncrementMutexHeldCount
 .text.prvGetNextExpireTime
                0x0000000008007360       0x20 CMakeFiles/STM32.elf.dir/Middlewares/Third_Party/FreeRTOS/Source/timers.c.obj
 .text.prvInsertTimerInActiveList
                0x0000000008007380       0x48 CMakeFiles/STM32.elf.dir/Middlewares/Third_Party/FreeRTOS/Source/timers.c.obj
 .text.prvCheckForValidListAndQueue
                0x00000000080073c8       0x70 CMakeFiles/STM32.elf.dir/Middlewares/Third_Party/FreeRTOS/Source/timers.c.obj
 .text.prvInitialiseNewTimer
                0x0000000008007438       0x4c CMakeFiles/STM32.elf.dir/Middlewares/Third_Party/FreeRTOS/Source/timers.c.obj
 .text.xTimerCreateTimerTask
                0x0000000008007484       0x64 CMakeFiles/STM32.elf.dir/Middlewares/Third_Party/FreeRTOS/Source/timers.c.obj
                0x0000000008007484                xTimerCreateTimerTask
 .text.xTimerCreate
                0x00000000080074e8       0x38 CMakeFiles/STM32.elf.dir/Middlewares/Third_Party/FreeRTOS/Source/timers.c.obj
                0x00000000080074e8                xTimerCreate
 .text.xTimerCreateStatic
                0x0000000008007520       0x54 CMakeFiles/STM32.elf.dir/Middlewares/Third_Party/FreeRTOS/Source/timers.c.obj
                0x0000000008007520                xTimerCreateStatic
 .text.xTimerGenericCommand
                0x0000000008007574       0x6c CMakeFiles/STM32.elf.dir/Middlewares/Third_Party/FreeRTOS/Source/timers.c.obj
                0x0000000008007574                xTimerGenericCommand
 .text.prvSwitchTimerLists
                0x00000000080075e0       0x7c CMakeFiles/STM32.elf.dir/Middlewares/Third_Party/FreeRTOS/Source/timers.c.obj
 .text.prvSampleTimeNow
                0x000000000800765c       0x2c CMakeFiles/STM32.elf.dir/Middlewares/Third_Party/FreeRTOS/Source/timers.c.obj
 .text.prvProcessExpiredTimer
                0x0000000008007688       0x6c CMakeFiles/STM32.elf.dir/Middlewares/Third_Party/FreeRTOS/Source/timers.c.obj
 .text.prvProcessTimerOrBlockTask
                0x00000000080076f4       0x74 CMakeFiles/STM32.elf.dir/Middlewares/Third_Party/FreeRTOS/Source/timers.c.obj
 .text.prvProcessReceivedCommands
                0x0000000008007768      0x10c CMakeFiles/STM32.elf.dir/Middlewares/Third_Party/FreeRTOS/Source/timers.c.obj
 .text.prvTimerTask
                0x0000000008007874       0x16 CMakeFiles/STM32.elf.dir/Middlewares/Third_Party/FreeRTOS/Source/timers.c.obj
 .text.pvTimerGetTimerID
                0x000000000800788a       0x26 CMakeFiles/STM32.elf.dir/Middlewares/Third_Party/FreeRTOS/Source/timers.c.obj
                0x000000000800788a                pvTimerGetTimerID
 .text.USBH_UserProcess
                0x00000000080078b0       0x2c CMakeFiles/STM32.elf.dir/USB_HOST/App/usb_host.c.obj
 .text.MX_USB_HOST_Init
                0x00000000080078dc       0x40 CMakeFiles/STM32.elf.dir/USB_HOST/App/usb_host.c.obj
                0x00000000080078dc                MX_USB_HOST_Init
 .text.HAL_HCD_MspInit
                0x000000000800791c       0x94 CMakeFiles/STM32.elf.dir/USB_HOST/Target/usbh_conf.c.obj
                0x000000000800791c                HAL_HCD_MspInit
 .text.HAL_HCD_SOF_Callback
                0x00000000080079b0        0xc CMakeFiles/STM32.elf.dir/USB_HOST/Target/usbh_conf.c.obj
                0x00000000080079b0                HAL_HCD_SOF_Callback
 .text.HAL_HCD_Connect_Callback
                0x00000000080079bc        0xc CMakeFiles/STM32.elf.dir/USB_HOST/Target/usbh_conf.c.obj
                0x00000000080079bc                HAL_HCD_Connect_Callback
 .text.HAL_HCD_Disconnect_Callback
                0x00000000080079c8        0xc CMakeFiles/STM32.elf.dir/USB_HOST/Target/usbh_conf.c.obj
                0x00000000080079c8                HAL_HCD_Disconnect_Callback
 .text.HAL_HCD_HC_NotifyURBChange_Callback
                0x00000000080079d4        0xc CMakeFiles/STM32.elf.dir/USB_HOST/Target/usbh_conf.c.obj
                0x00000000080079d4                HAL_HCD_HC_NotifyURBChange_Callback
 .text.HAL_HCD_PortEnabled_Callback
                0x00000000080079e0        0xc CMakeFiles/STM32.elf.dir/USB_HOST/Target/usbh_conf.c.obj
                0x00000000080079e0                HAL_HCD_PortEnabled_Callback
 .text.HAL_HCD_PortDisabled_Callback
                0x00000000080079ec        0xc CMakeFiles/STM32.elf.dir/USB_HOST/Target/usbh_conf.c.obj
                0x00000000080079ec                HAL_HCD_PortDisabled_Callback
 .text.USBH_LL_Init
                0x00000000080079f8       0x54 CMakeFiles/STM32.elf.dir/USB_HOST/Target/usbh_conf.c.obj
                0x00000000080079f8                USBH_LL_Init
 .text.USBH_LL_GetSpeed
                0x0000000008007a4c       0x20 CMakeFiles/STM32.elf.dir/USB_HOST/Target/usbh_conf.c.obj
                0x0000000008007a4c                USBH_LL_GetSpeed
 .text.USBH_LL_GetLastXferSize
                0x0000000008007a6c        0xc CMakeFiles/STM32.elf.dir/USB_HOST/Target/usbh_conf.c.obj
                0x0000000008007a6c                USBH_LL_GetLastXferSize
 .text.USBH_LL_GetURBState
                0x0000000008007a78        0xc CMakeFiles/STM32.elf.dir/USB_HOST/Target/usbh_conf.c.obj
                0x0000000008007a78                USBH_LL_GetURBState
 .text.USBH_LL_DriverVBUS
                0x0000000008007a84       0x1c CMakeFiles/STM32.elf.dir/USB_HOST/Target/usbh_conf.c.obj
                0x0000000008007a84                USBH_LL_DriverVBUS
 .text.USBH_LL_SetToggle
                0x0000000008007aa0       0x2a CMakeFiles/STM32.elf.dir/USB_HOST/Target/usbh_conf.c.obj
                0x0000000008007aa0                USBH_LL_SetToggle
 .text.USBH_Delay
                0x0000000008007aca        0x8 CMakeFiles/STM32.elf.dir/USB_HOST/Target/usbh_conf.c.obj
                0x0000000008007aca                USBH_Delay
 .text.USBH_Get_USB_Status
                0x0000000008007ad2       0x14 CMakeFiles/STM32.elf.dir/USB_HOST/Target/usbh_conf.c.obj
                0x0000000008007ad2                USBH_Get_USB_Status
 .text.USBH_LL_Start
                0x0000000008007ae6       0x10 CMakeFiles/STM32.elf.dir/USB_HOST/Target/usbh_conf.c.obj
                0x0000000008007ae6                USBH_LL_Start
 .text.USBH_LL_Stop
                0x0000000008007af6       0x10 CMakeFiles/STM32.elf.dir/USB_HOST/Target/usbh_conf.c.obj
                0x0000000008007af6                USBH_LL_Stop
 .text.USBH_LL_ResetPort
                0x0000000008007b06       0x10 CMakeFiles/STM32.elf.dir/USB_HOST/Target/usbh_conf.c.obj
                0x0000000008007b06                USBH_LL_ResetPort
 .text.USBH_LL_OpenPipe
                0x0000000008007b16       0x26 CMakeFiles/STM32.elf.dir/USB_HOST/Target/usbh_conf.c.obj
                0x0000000008007b16                USBH_LL_OpenPipe
 .text.USBH_LL_ClosePipe
                0x0000000008007b3c       0x10 CMakeFiles/STM32.elf.dir/USB_HOST/Target/usbh_conf.c.obj
                0x0000000008007b3c                USBH_LL_ClosePipe
 .text.USBH_LL_SubmitURB
                0x0000000008007b4c       0x2a CMakeFiles/STM32.elf.dir/USB_HOST/Target/usbh_conf.c.obj
                0x0000000008007b4c                USBH_LL_SubmitURB
 *fill*         0x0000000008007b76        0x2 
 .text.MX_DriverVbusFS
                0x0000000008007b78       0x18 CMakeFiles/STM32.elf.dir/USB_HOST/Target/usbh_platform.c.obj
                0x0000000008007b78                MX_DriverVbusFS
 .text.__errno  0x0000000008007b90        0xc /Applications/ARM/bin/../lib/gcc/arm-none-eabi/10.3.1/../../../../arm-none-eabi/lib/thumb/v7e-m+fp/hard/libg.a(lib_a-errno.o)
                0x0000000008007b90                __errno
 .text.__libc_init_array
                0x0000000008007b9c       0x48 /Applications/ARM/bin/../lib/gcc/arm-none-eabi/10.3.1/../../../../arm-none-eabi/lib/thumb/v7e-m+fp/hard/libg.a(lib_a-init.o)
                0x0000000008007b9c                __libc_init_array
 .text.malloc   0x0000000008007be4       0x10 /Applications/ARM/bin/../lib/gcc/arm-none-eabi/10.3.1/../../../../arm-none-eabi/lib/thumb/v7e-m+fp/hard/libg.a(lib_a-malloc.o)
                0x0000000008007be4                malloc
 .text.free     0x0000000008007bf4       0x10 /Applications/ARM/bin/../lib/gcc/arm-none-eabi/10.3.1/../../../../arm-none-eabi/lib/thumb/v7e-m+fp/hard/libg.a(lib_a-malloc.o)
                0x0000000008007bf4                free
 .text._malloc_r
                0x0000000008007c04      0x560 /Applications/ARM/bin/../lib/gcc/arm-none-eabi/10.3.1/../../../../arm-none-eabi/lib/thumb/v7e-m+fp/hard/libg.a(lib_a-mallocr.o)
                0x0000000008007c04                _malloc_r
 .text.memset   0x0000000008008164       0xa4 /Applications/ARM/bin/../lib/gcc/arm-none-eabi/10.3.1/../../../../arm-none-eabi/lib/thumb/v7e-m+fp/hard/libg.a(lib_a-memset.o)
                0x0000000008008164                memset
 .text.__malloc_lock
                0x0000000008008208        0xc /Applications/ARM/bin/../lib/gcc/arm-none-eabi/10.3.1/../../../../arm-none-eabi/lib/thumb/v7e-m+fp/hard/libg.a(lib_a-mlock.o)
                0x0000000008008208                __malloc_lock
 .text.__malloc_unlock
                0x0000000008008214        0xc /Applications/ARM/bin/../lib/gcc/arm-none-eabi/10.3.1/../../../../arm-none-eabi/lib/thumb/v7e-m+fp/hard/libg.a(lib_a-mlock.o)
                0x0000000008008214                __malloc_unlock
 .text._sbrk_r  0x0000000008008220       0x24 /Applications/ARM/bin/../lib/gcc/arm-none-eabi/10.3.1/../../../../arm-none-eabi/lib/thumb/v7e-m+fp/hard/libg.a(lib_a-sbrkr.o)
                0x0000000008008220                _sbrk_r
 .text.startup.register_fini
                0x0000000008008244       0x14 /Applications/ARM/bin/../lib/gcc/arm-none-eabi/10.3.1/../../../../arm-none-eabi/lib/thumb/v7e-m+fp/hard/libg.a(lib_a-__call_atexit.o)
 .text.atexit   0x0000000008008258        0xc /Applications/ARM/bin/../lib/gcc/arm-none-eabi/10.3.1/../../../../arm-none-eabi/lib/thumb/v7e-m+fp/hard/libg.a(lib_a-atexit.o)
                0x0000000008008258                atexit
 .text.__libc_fini_array
                0x0000000008008264       0x2c /Applications/ARM/bin/../lib/gcc/arm-none-eabi/10.3.1/../../../../arm-none-eabi/lib/thumb/v7e-m+fp/hard/libg.a(lib_a-fini.o)
                0x0000000008008264                __libc_fini_array
 .text._malloc_trim_r
                0x0000000008008290       0xa0 /Applications/ARM/bin/../lib/gcc/arm-none-eabi/10.3.1/../../../../arm-none-eabi/lib/thumb/v7e-m+fp/hard/libg.a(lib_a-freer.o)
                0x0000000008008290                _malloc_trim_r
 .text._free_r  0x0000000008008330      0x20c /Applications/ARM/bin/../lib/gcc/arm-none-eabi/10.3.1/../../../../arm-none-eabi/lib/thumb/v7e-m+fp/hard/libg.a(lib_a-freer.o)
                0x0000000008008330                _free_r
 .text.__retarget_lock_acquire_recursive
                0x000000000800853c        0x4 /Applications/ARM/bin/../lib/gcc/arm-none-eabi/10.3.1/../../../../arm-none-eabi/lib/thumb/v7e-m+fp/hard/libg.a(lib_a-lock.o)
                0x000000000800853c                __retarget_lock_acquire_recursive
 .text.__retarget_lock_release_recursive
                0x0000000008008540        0x4 /Applications/ARM/bin/../lib/gcc/arm-none-eabi/10.3.1/../../../../arm-none-eabi/lib/thumb/v7e-m+fp/hard/libg.a(lib_a-lock.o)
                0x0000000008008540                __retarget_lock_release_recursive
 .text.__register_exitproc
                0x0000000008008544       0x8c /Applications/ARM/bin/../lib/gcc/arm-none-eabi/10.3.1/../../../../arm-none-eabi/lib/thumb/v7e-m+fp/hard/libg.a(lib_a-__atexit.o)
                0x0000000008008544                __register_exitproc
 *(.glue_7)
 .glue_7        0x00000000080085d0        0x0 linker stubs
 *(.glue_7t)
 .glue_7t       0x00000000080085d0        0x0 linker stubs
 *(.eh_frame)
 .eh_frame      0x00000000080085d0        0x0 /Applications/ARM/bin/../lib/gcc/arm-none-eabi/10.3.1/thumb/v7e-m+fp/hard/crtbegin.o
 *(.init)
 .init          0x00000000080085d0        0x4 /Applications/ARM/bin/../lib/gcc/arm-none-eabi/10.3.1/thumb/v7e-m+fp/hard/crti.o
                0x00000000080085d0                _init
 .init          0x00000000080085d4        0x8 /Applications/ARM/bin/../lib/gcc/arm-none-eabi/10.3.1/thumb/v7e-m+fp/hard/crtn.o
 *(.fini)
 .fini          0x00000000080085dc        0x4 /Applications/ARM/bin/../lib/gcc/arm-none-eabi/10.3.1/thumb/v7e-m+fp/hard/crti.o
                0x00000000080085dc                _fini
 .fini          0x00000000080085e0        0x8 /Applications/ARM/bin/../lib/gcc/arm-none-eabi/10.3.1/thumb/v7e-m+fp/hard/crtn.o
                0x00000000080085e8                . = ALIGN (0x4)
                0x00000000080085e8                _etext = .

.vfp11_veneer   0x00000000080085e8        0x0
 .vfp11_veneer  0x00000000080085e8        0x0 linker stubs

.v4_bx          0x00000000080085e8        0x0
 .v4_bx         0x00000000080085e8        0x0 linker stubs

.iplt           0x00000000080085e8        0x0
 .iplt          0x00000000080085e8        0x0 /Applications/ARM/bin/../lib/gcc/arm-none-eabi/10.3.1/thumb/v7e-m+fp/hard/crtbegin.o

.rodata         0x00000000080085e8    0x72920
                0x00000000080085e8                . = ALIGN (0x4)
 *(.rodata)
 .rodata        0x00000000080085e8       0x32 CMakeFiles/STM32.elf.dir/Core/Src/main.c.obj
 *(.rodata*)
 *fill*         0x000000000800861a        0x2 
 .rodata.console_font_12x16
                0x000000000800861c     0x2000 CMakeFiles/STM32.elf.dir/Core/Src/display.c.obj
                0x000000000800861c                console_font_12x16
 .rodata.rosi1_320x240
                0x000000000800a61c    0x25800 CMakeFiles/STM32.elf.dir/Core/Src/display.c.obj
                0x000000000800a61c                rosi1_320x240
 .rodata.rosi2_320x240
                0x000000000802fe1c    0x25800 CMakeFiles/STM32.elf.dir/Core/Src/display.c.obj
                0x000000000802fe1c                rosi2_320x240
 .rodata.thi_logo_320x240
                0x000000000805561c    0x25800 CMakeFiles/STM32.elf.dir/Core/Src/display.c.obj
                0x000000000805561c                thi_logo_320x240
 .rodata.StartDefaultTask.str1.4
                0x000000000807ae1c       0x14 CMakeFiles/STM32.elf.dir/Core/Src/main.c.obj
 .rodata.main.str1.4
                0x000000000807ae30       0x1d CMakeFiles/STM32.elf.dir/Core/Src/main.c.obj
 *fill*         0x000000000807ae4d        0x3 
 .rodata.str1.4
                0x000000000807ae50       0x18 CMakeFiles/STM32.elf.dir/Core/Src/main.c.obj
 .rodata.defaultTask_attributes
                0x000000000807ae68       0x24 CMakeFiles/STM32.elf.dir/Core/Src/main.c.obj
                0x000000000807ae68                defaultTask_attributes
 .rodata.os_timer1_attributes
                0x000000000807ae8c       0x10 CMakeFiles/STM32.elf.dir/Core/Src/main.c.obj
                0x000000000807ae8c                os_timer1_attributes
 .rodata.AHBPrescTable
                0x000000000807ae9c       0x10 CMakeFiles/STM32.elf.dir/Core/Src/system_stm32f4xx.c.obj
                0x000000000807ae9c                AHBPrescTable
 .rodata.APBPrescTable
                0x000000000807aeac        0x8 CMakeFiles/STM32.elf.dir/Core/Src/system_stm32f4xx.c.obj
                0x000000000807aeac                APBPrescTable
 .rodata.DisplayTask.str1.4
                0x000000000807aeb4       0x1b CMakeFiles/STM32.elf.dir/Core/Src/tasks.c.obj
 *fill*         0x000000000807aecf        0x1 
 .rodata.HandleUserButton.str1.4
                0x000000000807aed0        0xc CMakeFiles/STM32.elf.dir/Core/Src/tasks.c.obj
 .rodata.str1.4
                0x000000000807aedc        0x4 CMakeFiles/STM32.elf.dir/Middlewares/ST/STM32_USB_Host_Library/Class/CDC/Src/usbh_cdc.c.obj
 .rodata.USBH_Init.str1.4
                0x000000000807aee0        0xb CMakeFiles/STM32.elf.dir/Middlewares/ST/STM32_USB_Host_Library/Core/Src/usbh_core.c.obj
 *fill*         0x000000000807aeeb        0x1 
 .rodata.vTaskStartScheduler.str1.4
                0x000000000807aeec        0x5 CMakeFiles/STM32.elf.dir/Middlewares/Third_Party/FreeRTOS/Source/tasks.c.obj
 *fill*         0x000000000807aef1        0x3 
 .rodata.prvCheckForValidListAndQueue.str1.4
                0x000000000807aef4        0x5 CMakeFiles/STM32.elf.dir/Middlewares/Third_Party/FreeRTOS/Source/timers.c.obj
 *fill*         0x000000000807aef9        0x3 
 .rodata.xTimerCreateTimerTask.str1.4
                0x000000000807aefc        0x8 CMakeFiles/STM32.elf.dir/Middlewares/Third_Party/FreeRTOS/Source/timers.c.obj
 .rodata._global_impure_ptr
                0x000000000807af04        0x4 /Applications/ARM/bin/../lib/gcc/arm-none-eabi/10.3.1/../../../../arm-none-eabi/lib/thumb/v7e-m+fp/hard/libg.a(lib_a-impure.o)
                0x000000000807af04                _global_impure_ptr
                0x000000000807af08                . = ALIGN (0x4)

.ARM.extab      0x000000000807af08        0x0
                0x000000000807af08                . = ALIGN (0x4)
 *(.ARM.extab* .gnu.linkonce.armextab.*)
                0x000000000807af08                . = ALIGN (0x4)

.ARM            0x000000000807af08        0x8
                0x000000000807af08                . = ALIGN (0x4)
                0x000000000807af08                __exidx_start = .
 *(.ARM.exidx*)
 .ARM.exidx     0x000000000807af08        0x8 /Applications/ARM/bin/../lib/gcc/arm-none-eabi/10.3.1/thumb/v7e-m+fp/hard/libgcc.a(_udivmoddi4.o)
                0x000000000807af10                __exidx_end = .
                0x000000000807af10                . = ALIGN (0x4)

.rel.dyn        0x000000000807af10        0x0
 .rel.iplt      0x000000000807af10        0x0 /Applications/ARM/bin/../lib/gcc/arm-none-eabi/10.3.1/thumb/v7e-m+fp/hard/crtbegin.o

.preinit_array  0x000000000807af10        0x0
                0x000000000807af10                . = ALIGN (0x4)
                0x000000000807af10                PROVIDE (__preinit_array_start = .)
 *(.preinit_array*)
                0x000000000807af10                PROVIDE (__preinit_array_end = .)
                0x000000000807af10                . = ALIGN (0x4)

.init_array     0x000000000807af10        0x8
                0x000000000807af10                . = ALIGN (0x4)
                0x000000000807af10                PROVIDE (__init_array_start = .)
 *(SORT_BY_NAME(.init_array.*))
 .init_array.00000
                0x000000000807af10        0x4 /Applications/ARM/bin/../lib/gcc/arm-none-eabi/10.3.1/../../../../arm-none-eabi/lib/thumb/v7e-m+fp/hard/libg.a(lib_a-__call_atexit.o)
 *(.init_array*)
 .init_array    0x000000000807af14        0x4 /Applications/ARM/bin/../lib/gcc/arm-none-eabi/10.3.1/thumb/v7e-m+fp/hard/crtbegin.o
                0x000000000807af18                PROVIDE (__init_array_end = .)
                0x000000000807af18                . = ALIGN (0x4)

.fini_array     0x000000000807af18        0x4
                0x000000000807af18                . = ALIGN (0x4)
                0x000000000807af18                PROVIDE (__fini_array_start = .)
 *(SORT_BY_NAME(.fini_array.*))
 *(.fini_array*)
 .fini_array    0x000000000807af18        0x4 /Applications/ARM/bin/../lib/gcc/arm-none-eabi/10.3.1/thumb/v7e-m+fp/hard/crtbegin.o
                0x000000000807af1c                PROVIDE (__fini_array_end = .)
                0x000000000807af1c                . = ALIGN (0x4)
                0x000000000807af1c                _sidata = LOADADDR (.data)

.data           0x0000000020000000      0x874 load address 0x000000000807af1c
                0x0000000020000000                . = ALIGN (0x4)
                0x0000000020000000                _sdata = .
 *(.data)
 *(.data*)
 .data.SystemCoreClock
                0x0000000020000000        0x4 CMakeFiles/STM32.elf.dir/Core/Src/system_stm32f4xx.c.obj
                0x0000000020000000                SystemCoreClock
 .data.uwTickFreq
                0x0000000020000004        0x1 CMakeFiles/STM32.elf.dir/Drivers/STM32F4xx_HAL_Driver/Src/stm32f4xx_hal.c.obj
                0x0000000020000004                uwTickFreq
 *fill*         0x0000000020000005        0x3 
 .data.uwTickPrio
                0x0000000020000008        0x4 CMakeFiles/STM32.elf.dir/Drivers/STM32F4xx_HAL_Driver/Src/stm32f4xx_hal.c.obj
                0x0000000020000008                uwTickPrio
 .data.CDC_Class
                0x000000002000000c       0x20 CMakeFiles/STM32.elf.dir/Middlewares/ST/STM32_USB_Host_Library/Class/CDC/Src/usbh_cdc.c.obj
                0x000000002000000c                CDC_Class
 .data.uxCriticalNesting
                0x000000002000002c        0x4 CMakeFiles/STM32.elf.dir/Middlewares/Third_Party/FreeRTOS/Source/portable/GCC/ARM_CM4F/port.c.obj
 .data._impure_ptr
                0x0000000020000030        0x4 /Applications/ARM/bin/../lib/gcc/arm-none-eabi/10.3.1/../../../../arm-none-eabi/lib/thumb/v7e-m+fp/hard/libg.a(lib_a-impure.o)
                0x0000000020000030                _impure_ptr
 *fill*         0x0000000020000034        0x4 
 .data.impure_data
                0x0000000020000038      0x428 /Applications/ARM/bin/../lib/gcc/arm-none-eabi/10.3.1/../../../../arm-none-eabi/lib/thumb/v7e-m+fp/hard/libg.a(lib_a-impure.o)
 .data.__malloc_av_
                0x0000000020000460      0x408 /Applications/ARM/bin/../lib/gcc/arm-none-eabi/10.3.1/../../../../arm-none-eabi/lib/thumb/v7e-m+fp/hard/libg.a(lib_a-mallocr.o)
                0x0000000020000460                __malloc_av_
 .data.__malloc_sbrk_base
                0x0000000020000868        0x4 /Applications/ARM/bin/../lib/gcc/arm-none-eabi/10.3.1/../../../../arm-none-eabi/lib/thumb/v7e-m+fp/hard/libg.a(lib_a-mallocr.o)
                0x0000000020000868                __malloc_sbrk_base
 .data.__malloc_trim_threshold
                0x000000002000086c        0x4 /Applications/ARM/bin/../lib/gcc/arm-none-eabi/10.3.1/../../../../arm-none-eabi/lib/thumb/v7e-m+fp/hard/libg.a(lib_a-mallocr.o)
                0x000000002000086c                __malloc_trim_threshold
 .data.__atexit_recursive_mutex
                0x0000000020000870        0x4 /Applications/ARM/bin/../lib/gcc/arm-none-eabi/10.3.1/../../../../arm-none-eabi/lib/thumb/v7e-m+fp/hard/libg.a(lib_a-__call_atexit.o)
                0x0000000020000870                __atexit_recursive_mutex
 *(.RamFunc)
 *(.RamFunc*)
                0x0000000020000874                . = ALIGN (0x4)
                0x0000000020000874                _edata = .
                0x000000000807b790                _siccmram = LOADADDR (.ccmram)

.igot.plt       0x0000000020000874        0x0 load address 0x000000000807b790
 .igot.plt      0x0000000020000874        0x0 /Applications/ARM/bin/../lib/gcc/arm-none-eabi/10.3.1/thumb/v7e-m+fp/hard/crtbegin.o

.ccmram         0x0000000010000000        0x0 load address 0x000000000807b790
                0x0000000010000000                . = ALIGN (0x4)
                0x0000000010000000                _sccmram = .
 *(.ccmram)
 *(.ccmram*)
                0x0000000010000000                . = ALIGN (0x4)
                0x0000000010000000                _eccmram = .
                0x0000000010000000                . = ALIGN (0x4)

.bss            0x0000000020000874     0x51cc
                0x0000000020000874                _sbss = .
                0x0000000020000874                __bss_start__ = _sbss
 *(.bss)
 .bss           0x0000000020000874       0x1c /Applications/ARM/bin/../lib/gcc/arm-none-eabi/10.3.1/thumb/v7e-m+fp/hard/crtbegin.o
 *(.bss*)
 .bss.defaultTaskHandle
                0x0000000020000890        0x4 CMakeFiles/STM32.elf.dir/Core/Src/main.c.obj
                0x0000000020000890                defaultTaskHandle
 .bss.displayQueue
                0x0000000020000894        0x4 CMakeFiles/STM32.elf.dir/Core/Src/main.c.obj
                0x0000000020000894                displayQueue
 .bss.displaySem
                0x0000000020000898        0x4 CMakeFiles/STM32.elf.dir/Core/Src/main.c.obj
                0x0000000020000898                displaySem
 .bss.hi2c1     0x000000002000089c       0x54 CMakeFiles/STM32.elf.dir/Core/Src/main.c.obj
                0x000000002000089c                hi2c1
 .bss.hi2s3     0x00000000200008f0       0x48 CMakeFiles/STM32.elf.dir/Core/Src/main.c.obj
                0x00000000200008f0                hi2s3
 .bss.hspi1     0x0000000020000938       0x58 CMakeFiles/STM32.elf.dir/Core/Src/main.c.obj
                0x0000000020000938                hspi1
 .bss.ms        0x0000000020000990        0x4 CMakeFiles/STM32.elf.dir/Core/Src/main.c.obj
                0x0000000020000990                ms
 .bss.os_timer1Handle
                0x0000000020000994        0x4 CMakeFiles/STM32.elf.dir/Core/Src/main.c.obj
                0x0000000020000994                os_timer1Handle
 .bss.__sbrk_heap_end
                0x0000000020000998        0x4 CMakeFiles/STM32.elf.dir/Core/Src/sysmem.c.obj
 .bss.uwTick    0x000000002000099c        0x4 CMakeFiles/STM32.elf.dir/Drivers/STM32F4xx_HAL_Driver/Src/stm32f4xx_hal.c.obj
                0x000000002000099c                uwTick
 .bss.USBH_Thread_Atrr
                0x00000000200009a0       0x24 CMakeFiles/STM32.elf.dir/Middlewares/ST/STM32_USB_Host_Library/Core/Src/usbh_core.c.obj
                0x00000000200009a0                USBH_Thread_Atrr
 .bss.Idle_Stack.2
                0x00000000200009c4      0x200 CMakeFiles/STM32.elf.dir/Middlewares/Third_Party/FreeRTOS/Source/CMSIS_RTOS_V2/cmsis_os2.c.obj
 .bss.Idle_TCB.3
                0x0000000020000bc4       0x5c CMakeFiles/STM32.elf.dir/Middlewares/Third_Party/FreeRTOS/Source/CMSIS_RTOS_V2/cmsis_os2.c.obj
 .bss.KernelState
                0x0000000020000c20        0x4 CMakeFiles/STM32.elf.dir/Middlewares/Third_Party/FreeRTOS/Source/CMSIS_RTOS_V2/cmsis_os2.c.obj
 .bss.Timer_Stack.0
                0x0000000020000c24      0x400 CMakeFiles/STM32.elf.dir/Middlewares/Third_Party/FreeRTOS/Source/CMSIS_RTOS_V2/cmsis_os2.c.obj
 .bss.Timer_TCB.1
                0x0000000020001024       0x5c CMakeFiles/STM32.elf.dir/Middlewares/Third_Party/FreeRTOS/Source/CMSIS_RTOS_V2/cmsis_os2.c.obj
 .bss.ucMaxSysCallPriority
                0x0000000020001080        0x1 CMakeFiles/STM32.elf.dir/Middlewares/Third_Party/FreeRTOS/Source/portable/GCC/ARM_CM4F/port.c.obj
 *fill*         0x0000000020001081        0x3 
 .bss.ulMaxPRIGROUPValue
                0x0000000020001084        0x4 CMakeFiles/STM32.elf.dir/Middlewares/Third_Party/FreeRTOS/Source/portable/GCC/ARM_CM4F/port.c.obj
 .bss.pxEnd     0x0000000020001088        0x4 CMakeFiles/STM32.elf.dir/Middlewares/Third_Party/FreeRTOS/Source/portable/MemMang/heap_4.c.obj
 .bss.ucHeap    0x000000002000108c     0x3c00 CMakeFiles/STM32.elf.dir/Middlewares/Third_Party/FreeRTOS/Source/portable/MemMang/heap_4.c.obj
 .bss.xBlockAllocatedBit
                0x0000000020004c8c        0x4 CMakeFiles/STM32.elf.dir/Middlewares/Third_Party/FreeRTOS/Source/portable/MemMang/heap_4.c.obj
 .bss.xFreeBytesRemaining
                0x0000000020004c90        0x4 CMakeFiles/STM32.elf.dir/Middlewares/Third_Party/FreeRTOS/Source/portable/MemMang/heap_4.c.obj
 .bss.xMinimumEverFreeBytesRemaining
                0x0000000020004c94        0x4 CMakeFiles/STM32.elf.dir/Middlewares/Third_Party/FreeRTOS/Source/portable/MemMang/heap_4.c.obj
 .bss.xNumberOfSuccessfulAllocations
                0x0000000020004c98        0x4 CMakeFiles/STM32.elf.dir/Middlewares/Third_Party/FreeRTOS/Source/portable/MemMang/heap_4.c.obj
 .bss.xNumberOfSuccessfulFrees
                0x0000000020004c9c        0x4 CMakeFiles/STM32.elf.dir/Middlewares/Third_Party/FreeRTOS/Source/portable/MemMang/heap_4.c.obj
 .bss.xStart    0x0000000020004ca0        0x8 CMakeFiles/STM32.elf.dir/Middlewares/Third_Party/FreeRTOS/Source/portable/MemMang/heap_4.c.obj
 .bss.xQueueRegistry
                0x0000000020004ca8       0x40 CMakeFiles/STM32.elf.dir/Middlewares/Third_Party/FreeRTOS/Source/queue.c.obj
                0x0000000020004ca8                xQueueRegistry
 .bss.pxCurrentTCB
                0x0000000020004ce8        0x4 CMakeFiles/STM32.elf.dir/Middlewares/Third_Party/FreeRTOS/Source/tasks.c.obj
                0x0000000020004ce8                pxCurrentTCB
 .bss.pxDelayedTaskList
                0x0000000020004cec        0x4 CMakeFiles/STM32.elf.dir/Middlewares/Third_Party/FreeRTOS/Source/tasks.c.obj
 .bss.pxOverflowDelayedTaskList
                0x0000000020004cf0        0x4 CMakeFiles/STM32.elf.dir/Middlewares/Third_Party/FreeRTOS/Source/tasks.c.obj
 .bss.pxReadyTasksLists
                0x0000000020004cf4      0x460 CMakeFiles/STM32.elf.dir/Middlewares/Third_Party/FreeRTOS/Source/tasks.c.obj
 .bss.uxCurrentNumberOfTasks
                0x0000000020005154        0x4 CMakeFiles/STM32.elf.dir/Middlewares/Third_Party/FreeRTOS/Source/tasks.c.obj
 .bss.uxDeletedTasksWaitingCleanUp
                0x0000000020005158        0x4 CMakeFiles/STM32.elf.dir/Middlewares/Third_Party/FreeRTOS/Source/tasks.c.obj
 .bss.uxSchedulerSuspended
                0x000000002000515c        0x4 CMakeFiles/STM32.elf.dir/Middlewares/Third_Party/FreeRTOS/Source/tasks.c.obj
 .bss.uxTaskNumber
                0x0000000020005160        0x4 CMakeFiles/STM32.elf.dir/Middlewares/Third_Party/FreeRTOS/Source/tasks.c.obj
 .bss.uxTopReadyPriority
                0x0000000020005164        0x4 CMakeFiles/STM32.elf.dir/Middlewares/Third_Party/FreeRTOS/Source/tasks.c.obj
 .bss.xDelayedTaskList1
                0x0000000020005168       0x14 CMakeFiles/STM32.elf.dir/Middlewares/Third_Party/FreeRTOS/Source/tasks.c.obj
 .bss.xDelayedTaskList2
                0x000000002000517c       0x14 CMakeFiles/STM32.elf.dir/Middlewares/Third_Party/FreeRTOS/Source/tasks.c.obj
 .bss.xIdleTaskHandle